This file contains any messages produced by compilers while
running configure, to aid debugging if configure makes a mistake.

It was created by LTO plugin for ld configure 0.1, which was
generated by GNU Autoconf 2.64.  Invocation command line was

  $ /jenhome/jenkins/jobs/LE910Cx_Multi_DAILY/workspace/build/apps_proc/poky/build/tmp-glibc/work-shared/gcc-4.9.3-r0/gcc-4.9.3/lto-plugin/configure --cache-file=./config.cache --with-system-zlib --prefix=/jenhome/jenkins/jobs/LE910Cx_Multi_DAILY/workspace/build/apps_proc/poky/build/tmp-glibc/sysroots/x86_64-linux/usr --exec_prefix=/jenhome/jenkins/jobs/LE910Cx_Multi_DAILY/workspace/build/apps_proc/poky/build/tmp-glibc/sysroots/x86_64-linux/usr --bindir=/jenhome/jenkins/jobs/LE910Cx_Multi_DAILY/workspace/build/apps_proc/poky/build/tmp-glibc/sysroots/x86_64-linux/usr/bin/arm-oe-linux-gnueabi --sbindir=/jenhome/jenkins/jobs/LE910Cx_Multi_DAILY/workspace/build/apps_proc/poky/build/tmp-glibc/sysroots/x86_64-linux/usr/bin/arm-oe-linux-gnueabi --libexecdir=/jenhome/jenkins/jobs/LE910Cx_Multi_DAILY/workspace/build/apps_proc/poky/build/tmp-glibc/sysroots/x86_64-linux/usr/libexec/arm-oe-linux-gnueabi --datadir=/jenhome/jenkins/jobs/LE910Cx_Multi_DAILY/workspace/build/apps_proc/poky/build/tmp-glibc/sysroots/x86_64-linux/usr/share --sysconfdir=/jenhome/jenkins/jobs/LE910Cx_Multi_DAILY/workspace/build/apps_proc/poky/build/tmp-glibc/sysroots/x86_64-linux/etc --sharedstatedir=/jenhome/jenkins/jobs/LE910Cx_Multi_DAILY/workspace/build/apps_proc/poky/build/tmp-glibc/sysroots/x86_64-linux/com --localstatedir=/jenhome/jenkins/jobs/LE910Cx_Multi_DAILY/workspace/build/apps_proc/poky/build/tmp-glibc/sysroots/x86_64-linux/var --libdir=/jenhome/jenkins/jobs/LE910Cx_Multi_DAILY/workspace/build/apps_proc/poky/build/tmp-glibc/sysroots/x86_64-linux/usr/lib/arm-oe-linux-gnueabi --includedir=/jenhome/jenkins/jobs/LE910Cx_Multi_DAILY/workspace/build/apps_proc/poky/build/tmp-glibc/sysroots/x86_64-linux/usr/include --oldincludedir=/jenhome/jenkins/jobs/LE910Cx_Multi_DAILY/workspace/build/apps_proc/poky/build/tmp-glibc/sysroots/x86_64-linux/usr/include --infodir=/jenhome/jenkins/jobs/LE910Cx_Multi_DAILY/workspace/build/apps_proc/poky/build/tmp-glibc/sysroots/x86_64-linux/usr/share/info --mandir=/jenhome/jenkins/jobs/LE910Cx_Multi_DAILY/workspace/build/apps_proc/poky/build/tmp-glibc/sysroots/x86_64-linux/usr/share/man --disable-silent-rules --disable-dependency-tracking --with-libtool-sysroot=/jenhome/jenkins/jobs/LE910Cx_Multi_DAILY/workspace/build/apps_proc/poky/build/tmp-glibc/sysroots/x86_64-linux --enable-clocale=generic --with-gnu-ld --enable-shared --enable-threads=posix --disable-multilib --enable-c99 --enable-long-long --enable-symvers=gnu --enable-libstdcxx-pch --without-local-prefix --enable-target-optspace --enable-lto --enable-libssp --disable-bootstrap --disable-libmudflap --with-linker-hash-style=gnu --enable-linker-build-id --with-ppl=no --with-cloog=no --enable-checking=release --enable-cheaders=c_global --with-gxx-include-dir=/not/exist/usr/include/c++/4.9.3 --with-sysroot=/not/exist --with-build-sysroot=/jenhome/jenkins/jobs/LE910Cx_Multi_DAILY/workspace/build/apps_proc/poky/build/tmp-glibc/sysroots/mdm9607 --enable-poison-system-directories --with-mpfr=/jenhome/jenkins/jobs/LE910Cx_Multi_DAILY/workspace/build/apps_proc/poky/build/tmp-glibc/sysroots/x86_64-linux/usr --with-system-zlib --disable-nls --with-arch=armv7-a --enable-languages=c,c++,lto --program-transform-name=s&^&arm-oe-linux-gnueabi-& --disable-option-checking --build=x86_64-linux --host=x86_64-linux --target=arm-oe-linux-gnueabi --srcdir=/jenhome/jenkins/jobs/LE910Cx_Multi_DAILY/workspace/build/apps_proc/poky/build/tmp-glibc/work-shared/gcc-4.9.3-r0/gcc-4.9.3/lto-plugin --enable-shared

## --------- ##
## Platform. ##
## --------- ##

hostname = srv-krs-jen05
uname -m = x86_64
uname -r = 4.4.0-148-generic
uname -s = Linux
uname -v = #174~14.04.1-Ubuntu SMP Thu May 9 08:17:37 UTC 2019

/usr/bin/uname -p = unknown
/bin/uname -X     = unknown

/bin/arch              = unknown
/usr/bin/arch -k       = unknown
/usr/convex/getsysinfo = unknown
/usr/bin/hostinfo      = unknown
/bin/machine           = unknown
/usr/bin/oslevel       = unknown
/bin/universe          = unknown

PATH: /jenhome/jenkins/jobs/LE910Cx_Multi_DAILY/workspace/build/apps_proc/poky/build/tmp-glibc/sysroots/x86_64-linux/usr/bin/texinfo-dummy-native
PATH: /jenhome/jenkins/jobs/LE910Cx_Multi_DAILY/workspace/build/apps_proc/poky/scripts
PATH: /jenhome/jenkins/jobs/LE910Cx_Multi_DAILY/workspace/build/apps_proc/poky/build/tmp-glibc/sysroots/x86_64-linux/usr/bin/arm-oe-linux-gnueabi
PATH: /jenhome/jenkins/jobs/LE910Cx_Multi_DAILY/workspace/build/apps_proc/poky/build/tmp-glibc/sysroots/x86_64-linux/jenhome/jenkins/jobs/LE910Cx_Multi_DAILY/workspace/build/apps_proc/poky/build/tmp-glibc/sysroots/x86_64-linux/usr/bin/arm-oe-linux-gnueabi/crossscripts
PATH: /jenhome/jenkins/jobs/LE910Cx_Multi_DAILY/workspace/build/apps_proc/poky/build/tmp-glibc/sysroots/x86_64-linux/usr/sbin
PATH: /jenhome/jenkins/jobs/LE910Cx_Multi_DAILY/workspace/build/apps_proc/poky/build/tmp-glibc/sysroots/x86_64-linux/usr/bin
PATH: /jenhome/jenkins/jobs/LE910Cx_Multi_DAILY/workspace/build/apps_proc/poky/build/tmp-glibc/sysroots/x86_64-linux/sbin
PATH: /jenhome/jenkins/jobs/LE910Cx_Multi_DAILY/workspace/build/apps_proc/poky/build/tmp-glibc/sysroots/x86_64-linux/bin
PATH: /jenhome/jenkins/jobs/LE910Cx_Multi_DAILY/workspace/build/apps_proc/poky/scripts
PATH: /jenhome/jenkins/jobs/LE910Cx_Multi_DAILY/workspace/build/apps_proc/poky/bitbake/bin
PATH: /opt/.pyenv/versions/2.7.5/bin
PATH: /home/TMT/svc_krs_jenkins/bin
PATH: ~/bin
PATH: /opt/rational/clearcase/bin
PATH: /usr/local/sbin
PATH: /usr/local/bin
PATH: /usr/sbin
PATH: /usr/bin
PATH: /sbin
PATH: /bin
PATH: /usr/games
PATH: /usr/local/games


## ----------- ##
## Core tests. ##
## ----------- ##

configure:2136: creating cache ./config.cache
configure:2239: checking build system type
configure:2253: result: x86_64-pc-linux-gnu
configure:2273: checking host system type
configure:2286: result: x86_64-pc-linux-gnu
configure:2306: checking target system type
configure:2319: result: arm-oe-linux-gnueabi
configure:2407: checking for a BSD-compatible install
configure:2475: result: /usr/bin/install -c
configure:2486: checking whether build environment is sane
configure:2536: result: yes
configure:2677: checking for a thread-safe mkdir -p
configure:2716: result: /bin/mkdir -p
configure:2729: checking for gawk
configure:2756: result: gawk
configure:2767: checking whether make sets $(MAKE)
configure:2789: result: yes
configure:2870: checking whether to enable maintainer-specific portions of Makefiles
configure:2879: result: no
configure:2900: checking for x86_64-linux-gcc
configure:2927: result: gcc 
configure:3196: checking for C compiler version
configure:3205: gcc  --version >&5
gcc (Ubuntu 4.8.4-2ubuntu1~14.04.4) 4.8.4
Copyright (C) 2013 Free Software Foundation, Inc.
This is free software; see the source for copying conditions.  There is NO
warranty; not even for MERCHANTABILITY or FITNESS FOR A PARTICULAR PURPOSE.

configure:3216: $? = 0
configure:3205: gcc  -v >&5
Using built-in specs.
COLLECT_GCC=gcc
COLLECT_LTO_WRAPPER=/usr/lib/gcc/x86_64-linux-gnu/4.8/lto-wrapper
Target: x86_64-linux-gnu
Configured with: ../src/configure -v --with-pkgversion='Ubuntu 4.8.4-2ubuntu1~14.04.4' --with-bugurl=file:///usr/share/doc/gcc-4.8/README.Bugs --enable-languages=c,c++,java,go,d,fortran,objc,obj-c++ --prefix=/usr --program-suffix=-4.8 --enable-shared --enable-linker-build-id --libexecdir=/usr/lib --without-included-gettext --enable-threads=posix --with-gxx-include-dir=/usr/include/c++/4.8 --libdir=/usr/lib --enable-nls --with-sysroot=/ --enable-clocale=gnu --enable-libstdcxx-debug --enable-libstdcxx-time=yes --enable-gnu-unique-object --disable-libmudflap --enable-plugin --with-system-zlib --disable-browser-plugin --enable-java-awt=gtk --enable-gtk-cairo --with-java-home=/usr/lib/jvm/java-1.5.0-gcj-4.8-amd64/jre --enable-java-home --with-jvm-root-dir=/usr/lib/jvm/java-1.5.0-gcj-4.8-amd64 --with-jvm-jar-dir=/usr/lib/jvm-exports/java-1.5.0-gcj-4.8-amd64 --with-arch-directory=amd64 --with-ecj-jar=/usr/share/java/eclipse-ecj.jar --enable-objc-gc --enable-multiarch --disable-werror --with-arch-32=i686 --with-abi=m64 --with-multilib-list=m32,m64,mx32 --with-tune=generic --enable-checking=release --build=x86_64-linux-gnu --host=x86_64-linux-gnu --target=x86_64-linux-gnu
Thread model: posix
gcc version 4.8.4 (Ubuntu 4.8.4-2ubuntu1~14.04.4) 
configure:3216: $? = 0
configure:3205: gcc  -V >&5
gcc: error: unrecognized command line option '-V'
gcc: fatal error: no input files
compilation terminated.
configure:3216: $? = 4
configure:3205: gcc  -qversion >&5
gcc: error: unrecognized command line option '-qversion'
gcc: fatal error: no input files
compilation terminated.
configure:3216: $? = 4
configure:3236: checking for C compiler default output file name
configure:3258: gcc  -isystem/jenhome/jenkins/jobs/LE910Cx_Multi_DAILY/workspace/build/apps_proc/poky/build/tmp-glibc/sysroots/x86_64-linux/usr/include -O2 -pipe  -static-libstdc++ -static-libgcc -L/jenhome/jenkins/jobs/LE910Cx_Multi_DAILY/workspace/build/apps_proc/poky/build/tmp-glibc/sysroots/x86_64-linux/usr/lib -L/jenhome/jenkins/jobs/LE910Cx_Multi_DAILY/workspace/build/apps_proc/poky/build/tmp-glibc/sysroots/x86_64-linux/lib -Wl,-rpath-link,/jenhome/jenkins/jobs/LE910Cx_Multi_DAILY/workspace/build/apps_proc/poky/build/tmp-glibc/sysroots/x86_64-linux/usr/lib -Wl,-rpath-link,/jenhome/jenkins/jobs/LE910Cx_Multi_DAILY/workspace/build/apps_proc/poky/build/tmp-glibc/sysroots/x86_64-linux/lib -Wl,-rpath,/jenhome/jenkins/jobs/LE910Cx_Multi_DAILY/workspace/build/apps_proc/poky/build/tmp-glibc/sysroots/x86_64-linux/usr/lib -Wl,-rpath,/jenhome/jenkins/jobs/LE910Cx_Multi_DAILY/workspace/build/apps_proc/poky/build/tmp-glibc/sysroots/x86_64-linux/lib -Wl,-O1 conftest.c  >&5
configure:3262: $? = 0
configure:3299: result: a.out
configure:3315: checking whether the C compiler works
configure:3324: ./a.out
configure:3328: $? = 0
configure:3343: result: yes
configure:3350: checking whether we are cross compiling
configure:3352: result: no
configure:3355: checking for suffix of executables
configure:3362: gcc  -o conftest -isystem/jenhome/jenkins/jobs/LE910Cx_Multi_DAILY/workspace/build/apps_proc/poky/build/tmp-glibc/sysroots/x86_64-linux/usr/include -O2 -pipe  -static-libstdc++ -static-libgcc -L/jenhome/jenkins/jobs/LE910Cx_Multi_DAILY/workspace/build/apps_proc/poky/build/tmp-glibc/sysroots/x86_64-linux/usr/lib -L/jenhome/jenkins/jobs/LE910Cx_Multi_DAILY/workspace/build/apps_proc/poky/build/tmp-glibc/sysroots/x86_64-linux/lib -Wl,-rpath-link,/jenhome/jenkins/jobs/LE910Cx_Multi_DAILY/workspace/build/apps_proc/poky/build/tmp-glibc/sysroots/x86_64-linux/usr/lib -Wl,-rpath-link,/jenhome/jenkins/jobs/LE910Cx_Multi_DAILY/workspace/build/apps_proc/poky/build/tmp-glibc/sysroots/x86_64-linux/lib -Wl,-rpath,/jenhome/jenkins/jobs/LE910Cx_Multi_DAILY/workspace/build/apps_proc/poky/build/tmp-glibc/sysroots/x86_64-linux/usr/lib -Wl,-rpath,/jenhome/jenkins/jobs/LE910Cx_Multi_DAILY/workspace/build/apps_proc/poky/build/tmp-glibc/sysroots/x86_64-linux/lib -Wl,-O1 conftest.c  >&5
configure:3366: $? = 0
configure:3388: result: 
configure:3394: checking for suffix of object files
configure:3416: gcc  -c -isystem/jenhome/jenkins/jobs/LE910Cx_Multi_DAILY/workspace/build/apps_proc/poky/build/tmp-glibc/sysroots/x86_64-linux/usr/include -O2 -pipe  conftest.c >&5
configure:3420: $? = 0
configure:3441: result: o
configure:3445: checking whether we are using the GNU C compiler
configure:3464: gcc  -c -isystem/jenhome/jenkins/jobs/LE910Cx_Multi_DAILY/workspace/build/apps_proc/poky/build/tmp-glibc/sysroots/x86_64-linux/usr/include -O2 -pipe  conftest.c >&5
configure:3464: $? = 0
configure:3473: result: yes
configure:3482: checking whether gcc  accepts -g
configure:3502: gcc  -c -g  conftest.c >&5
configure:3502: $? = 0
configure:3543: result: yes
configure:3560: checking for gcc  option to accept ISO C89
configure:3624: gcc   -c -isystem/jenhome/jenkins/jobs/LE910Cx_Multi_DAILY/workspace/build/apps_proc/poky/build/tmp-glibc/sysroots/x86_64-linux/usr/include -O2 -pipe  conftest.c >&5
configure:3624: $? = 0
configure:3637: result: none needed
configure:3668: checking for style of include used by make
configure:3696: result: GNU
configure:3721: checking dependency style of gcc 
configure:3831: result: none
configure:3854: checking for special C compiler options needed for large files
configure:3899: result: no
configure:3905: checking for _FILE_OFFSET_BITS value needed for large files
configure:3930: gcc  -c -isystem/jenhome/jenkins/jobs/LE910Cx_Multi_DAILY/workspace/build/apps_proc/poky/build/tmp-glibc/sysroots/x86_64-linux/usr/include -O2 -pipe  conftest.c >&5
configure:3930: $? = 0
configure:3962: result: no
configure:4056: checking whether gcc  supports -Wall
configure:4073: gcc  -c -Wall  conftest.c >&5
configure:4073: $? = 0
configure:4082: result: yes
configure:4094: checking for -static-libgcc
configure:4101: gcc  -o conftest -isystem/jenhome/jenkins/jobs/LE910Cx_Multi_DAILY/workspace/build/apps_proc/poky/build/tmp-glibc/sysroots/x86_64-linux/usr/include -O2 -pipe  -static-libstdc++ -static-libgcc -L/jenhome/jenkins/jobs/LE910Cx_Multi_DAILY/workspace/build/apps_proc/poky/build/tmp-glibc/sysroots/x86_64-linux/usr/lib -L/jenhome/jenkins/jobs/LE910Cx_Multi_DAILY/workspace/build/apps_proc/poky/build/tmp-glibc/sysroots/x86_64-linux/lib -Wl,-rpath-link,/jenhome/jenkins/jobs/LE910Cx_Multi_DAILY/workspace/build/apps_proc/poky/build/tmp-glibc/sysroots/x86_64-linux/usr/lib -Wl,-rpath-link,/jenhome/jenkins/jobs/LE910Cx_Multi_DAILY/workspace/build/apps_proc/poky/build/tmp-glibc/sysroots/x86_64-linux/lib -Wl,-rpath,/jenhome/jenkins/jobs/LE910Cx_Multi_DAILY/workspace/build/apps_proc/poky/build/tmp-glibc/sysroots/x86_64-linux/usr/lib -Wl,-rpath,/jenhome/jenkins/jobs/LE910Cx_Multi_DAILY/workspace/build/apps_proc/poky/build/tmp-glibc/sysroots/x86_64-linux/lib -Wl,-O1 -static-libgcc conftest.c  >&5
configure:4101: $? = 0
configure:4108: result: yes
configure:4163: checking how to print strings
configure:4190: result: printf
configure:4211: checking for a sed that does not truncate output
configure:4275: result: /bin/sed
configure:4293: checking for grep that handles long lines and -e
configure:4351: result: /bin/grep
configure:4356: checking for egrep
configure:4418: result: /bin/grep -E
configure:4423: checking for fgrep
configure:4485: result: /bin/grep -F
configure:4520: checking for ld used by gcc 
configure:4587: result: ld 
configure:4594: checking if the linker (ld ) is GNU ld
configure:4609: result: yes
configure:4621: checking for BSD- or MS-compatible name lister (nm)
configure:4670: result: nm
configure:4800: checking the name lister (nm) interface
configure:4807: gcc  -c -isystem/jenhome/jenkins/jobs/LE910Cx_Multi_DAILY/workspace/build/apps_proc/poky/build/tmp-glibc/sysroots/x86_64-linux/usr/include -O2 -pipe  conftest.c >&5
configure:4810: nm "conftest.o"
configure:4813: output
0000000000000000 B some_variable
configure:4820: result: BSD nm
configure:4823: checking whether ln -s works
configure:4827: result: yes
configure:4835: checking the maximum length of command line arguments
configure:4960: result: 3458764513820540925
configure:4977: checking whether the shell understands some XSI constructs
configure:4987: result: yes
configure:4991: checking whether the shell understands "+="
configure:4997: result: yes
configure:5032: checking for ld  option to reload object files
configure:5039: result: -r
configure:5068: checking for x86_64-linux-objdump
configure:5095: result: objdump
configure:5167: checking how to recognize dependent libraries
configure:5368: result: pass_all
configure:5388: checking for x86_64-linux-ar
configure:5415: result: ar
configure:5493: checking for x86_64-linux-strip
configure:5520: result: strip
configure:5592: checking for x86_64-linux-ranlib
configure:5619: result: ranlib
configure:5761: checking command to parse nm output from gcc  object
configure:5879: gcc  -c -isystem/jenhome/jenkins/jobs/LE910Cx_Multi_DAILY/workspace/build/apps_proc/poky/build/tmp-glibc/sysroots/x86_64-linux/usr/include -O2 -pipe  conftest.c >&5
configure:5882: $? = 0
configure:5886: nm conftest.o \| sed -n -e 's/^.*[ ]\([ABCDGIRSTW][ABCDGIRSTW]*\)[ ][ ]*\([_A-Za-z][_A-Za-z0-9]*\)$/\1 \2 \2/p' \> conftest.nm
configure:5889: $? = 0
configure:5943: gcc  -o conftest -isystem/jenhome/jenkins/jobs/LE910Cx_Multi_DAILY/workspace/build/apps_proc/poky/build/tmp-glibc/sysroots/x86_64-linux/usr/include -O2 -pipe  -static-libstdc++ -static-libgcc -L/jenhome/jenkins/jobs/LE910Cx_Multi_DAILY/workspace/build/apps_proc/poky/build/tmp-glibc/sysroots/x86_64-linux/usr/lib -L/jenhome/jenkins/jobs/LE910Cx_Multi_DAILY/workspace/build/apps_proc/poky/build/tmp-glibc/sysroots/x86_64-linux/lib -Wl,-rpath-link,/jenhome/jenkins/jobs/LE910Cx_Multi_DAILY/workspace/build/apps_proc/poky/build/tmp-glibc/sysroots/x86_64-linux/usr/lib -Wl,-rpath-link,/jenhome/jenkins/jobs/LE910Cx_Multi_DAILY/workspace/build/apps_proc/poky/build/tmp-glibc/sysroots/x86_64-linux/lib -Wl,-rpath,/jenhome/jenkins/jobs/LE910Cx_Multi_DAILY/workspace/build/apps_proc/poky/build/tmp-glibc/sysroots/x86_64-linux/usr/lib -Wl,-rpath,/jenhome/jenkins/jobs/LE910Cx_Multi_DAILY/workspace/build/apps_proc/poky/build/tmp-glibc/sysroots/x86_64-linux/lib -Wl,-O1 conftest.c conftstm.o >&5
configure:5946: $? = 0
configure:5984: result: ok
configure:6079: gcc  -c -isystem/jenhome/jenkins/jobs/LE910Cx_Multi_DAILY/workspace/build/apps_proc/poky/build/tmp-glibc/sysroots/x86_64-linux/usr/include -O2 -pipe  conftest.c >&5
configure:6082: $? = 0
configure:6835: checking how to run the C preprocessor
configure:6905: result: gcc -E 
configure:6925: gcc -E   conftest.c
configure:6925: $? = 0
configure:6939: gcc -E   conftest.c
conftest.c:11:28: fatal error: ac_nonexistent.h: No such file or directory
 #include <ac_nonexistent.h>
                            ^
compilation terminated.
configure:6939: $? = 1
configure: failed program was:
| /* confdefs.h */
| #define PACKAGE_NAME "LTO plugin for ld"
| #define PACKAGE_TARNAME "lto-plugin"
| #define PACKAGE_VERSION "0.1"
| #define PACKAGE_STRING "LTO plugin for ld 0.1"
| #define PACKAGE_BUGREPORT ""
| #define PACKAGE_URL ""
| #define PACKAGE "lto-plugin"
| #define VERSION "0.1"
| /* end confdefs.h.  */
| #include <ac_nonexistent.h>
configure:6968: checking for ANSI C header files
configure:6988: gcc  -c -isystem/jenhome/jenkins/jobs/LE910Cx_Multi_DAILY/workspace/build/apps_proc/poky/build/tmp-glibc/sysroots/x86_64-linux/usr/include -O2 -pipe  conftest.c >&5
configure:6988: $? = 0
configure:7061: gcc  -o conftest -isystem/jenhome/jenkins/jobs/LE910Cx_Multi_DAILY/workspace/build/apps_proc/poky/build/tmp-glibc/sysroots/x86_64-linux/usr/include -O2 -pipe  -static-libstdc++ -static-libgcc -L/jenhome/jenkins/jobs/LE910Cx_Multi_DAILY/workspace/build/apps_proc/poky/build/tmp-glibc/sysroots/x86_64-linux/usr/lib -L/jenhome/jenkins/jobs/LE910Cx_Multi_DAILY/workspace/build/apps_proc/poky/build/tmp-glibc/sysroots/x86_64-linux/lib -Wl,-rpath-link,/jenhome/jenkins/jobs/LE910Cx_Multi_DAILY/workspace/build/apps_proc/poky/build/tmp-glibc/sysroots/x86_64-linux/usr/lib -Wl,-rpath-link,/jenhome/jenkins/jobs/LE910Cx_Multi_DAILY/workspace/build/apps_proc/poky/build/tmp-glibc/sysroots/x86_64-linux/lib -Wl,-rpath,/jenhome/jenkins/jobs/LE910Cx_Multi_DAILY/workspace/build/apps_proc/poky/build/tmp-glibc/sysroots/x86_64-linux/usr/lib -Wl,-rpath,/jenhome/jenkins/jobs/LE910Cx_Multi_DAILY/workspace/build/apps_proc/poky/build/tmp-glibc/sysroots/x86_64-linux/lib -Wl,-O1 conftest.c  >&5
configure:7061: $? = 0
configure:7061: ./conftest
configure:7061: $? = 0
configure:7072: result: yes
configure:7085: checking for sys/types.h
configure:7085: gcc  -c -isystem/jenhome/jenkins/jobs/LE910Cx_Multi_DAILY/workspace/build/apps_proc/poky/build/tmp-glibc/sysroots/x86_64-linux/usr/include -O2 -pipe  conftest.c >&5
configure:7085: $? = 0
configure:7085: result: yes
configure:7085: checking for sys/stat.h
configure:7085: gcc  -c -isystem/jenhome/jenkins/jobs/LE910Cx_Multi_DAILY/workspace/build/apps_proc/poky/build/tmp-glibc/sysroots/x86_64-linux/usr/include -O2 -pipe  conftest.c >&5
configure:7085: $? = 0
configure:7085: result: yes
configure:7085: checking for stdlib.h
configure:7085: gcc  -c -isystem/jenhome/jenkins/jobs/LE910Cx_Multi_DAILY/workspace/build/apps_proc/poky/build/tmp-glibc/sysroots/x86_64-linux/usr/include -O2 -pipe  conftest.c >&5
configure:7085: $? = 0
configure:7085: result: yes
configure:7085: checking for string.h
configure:7085: gcc  -c -isystem/jenhome/jenkins/jobs/LE910Cx_Multi_DAILY/workspace/build/apps_proc/poky/build/tmp-glibc/sysroots/x86_64-linux/usr/include -O2 -pipe  conftest.c >&5
configure:7085: $? = 0
configure:7085: result: yes
configure:7085: checking for memory.h
configure:7085: gcc  -c -isystem/jenhome/jenkins/jobs/LE910Cx_Multi_DAILY/workspace/build/apps_proc/poky/build/tmp-glibc/sysroots/x86_64-linux/usr/include -O2 -pipe  conftest.c >&5
configure:7085: $? = 0
configure:7085: result: yes
configure:7085: checking for strings.h
configure:7085: gcc  -c -isystem/jenhome/jenkins/jobs/LE910Cx_Multi_DAILY/workspace/build/apps_proc/poky/build/tmp-glibc/sysroots/x86_64-linux/usr/include -O2 -pipe  conftest.c >&5
configure:7085: $? = 0
configure:7085: result: yes
configure:7085: checking for inttypes.h
configure:7085: gcc  -c -isystem/jenhome/jenkins/jobs/LE910Cx_Multi_DAILY/workspace/build/apps_proc/poky/build/tmp-glibc/sysroots/x86_64-linux/usr/include -O2 -pipe  conftest.c >&5
configure:7085: $? = 0
configure:7085: result: yes
configure:7085: checking for stdint.h
configure:7085: gcc  -c -isystem/jenhome/jenkins/jobs/LE910Cx_Multi_DAILY/workspace/build/apps_proc/poky/build/tmp-glibc/sysroots/x86_64-linux/usr/include -O2 -pipe  conftest.c >&5
configure:7085: $? = 0
configure:7085: result: yes
configure:7085: checking for unistd.h
configure:7085: gcc  -c -isystem/jenhome/jenkins/jobs/LE910Cx_Multi_DAILY/workspace/build/apps_proc/poky/build/tmp-glibc/sysroots/x86_64-linux/usr/include -O2 -pipe  conftest.c >&5
configure:7085: $? = 0
configure:7085: result: yes
configure:7100: checking for dlfcn.h
configure:7100: gcc  -c -isystem/jenhome/jenkins/jobs/LE910Cx_Multi_DAILY/workspace/build/apps_proc/poky/build/tmp-glibc/sysroots/x86_64-linux/usr/include -O2 -pipe  conftest.c >&5
configure:7100: $? = 0
configure:7100: result: yes
configure:7287: checking for objdir
configure:7302: result: .libs
configure:7573: checking if gcc  supports -fno-rtti -fno-exceptions
configure:7591: gcc  -c -isystem/jenhome/jenkins/jobs/LE910Cx_Multi_DAILY/workspace/build/apps_proc/poky/build/tmp-glibc/sysroots/x86_64-linux/usr/include -O2 -pipe  -fno-rtti -fno-exceptions conftest.c >&5
cc1: warning: command line option '-fno-rtti' is valid for C++/ObjC++ but not for C [enabled by default]
configure:7595: $? = 0
configure:7608: result: no
configure:7628: checking for gcc  option to produce PIC
configure:7914: result: -fPIC -DPIC
configure:7926: checking if gcc  PIC flag -fPIC -DPIC works
configure:7944: gcc  -c -isystem/jenhome/jenkins/jobs/LE910Cx_Multi_DAILY/workspace/build/apps_proc/poky/build/tmp-glibc/sysroots/x86_64-linux/usr/include -O2 -pipe  -fPIC -DPIC -DPIC conftest.c >&5
configure:7948: $? = 0
configure:7961: result: yes
configure:7985: checking if gcc  static flag -static works
configure:8013: result: yes
configure:8028: checking if gcc  supports -c -o file.o
configure:8049: gcc  -c -isystem/jenhome/jenkins/jobs/LE910Cx_Multi_DAILY/workspace/build/apps_proc/poky/build/tmp-glibc/sysroots/x86_64-linux/usr/include -O2 -pipe  -o out/conftest2.o conftest.c >&5
configure:8053: $? = 0
configure:8075: result: yes
configure:8083: checking if gcc  supports -c -o file.o
configure:8130: result: yes
configure:8163: checking whether the gcc  linker (ld  -m elf_x86_64) supports shared libraries
configure:9234: result: yes
configure:9271: checking whether -lc should be explicitly linked in
configure:9279: gcc  -c -isystem/jenhome/jenkins/jobs/LE910Cx_Multi_DAILY/workspace/build/apps_proc/poky/build/tmp-glibc/sysroots/x86_64-linux/usr/include -O2 -pipe  conftest.c >&5
configure:9282: $? = 0
configure:9297: gcc  -shared conftest.o  -v -Wl,-soname -Wl,conftest -o conftest 2\>\&1 \| /bin/grep  -lc  \>/dev/null 2\>\&1
configure:9300: $? = 0
configure:9314: result: no
configure:9479: checking dynamic linker characteristics
configure:9930: gcc  -o conftest -isystem/jenhome/jenkins/jobs/LE910Cx_Multi_DAILY/workspace/build/apps_proc/poky/build/tmp-glibc/sysroots/x86_64-linux/usr/include -O2 -pipe  -static-libstdc++ -static-libgcc -L/jenhome/jenkins/jobs/LE910Cx_Multi_DAILY/workspace/build/apps_proc/poky/build/tmp-glibc/sysroots/x86_64-linux/usr/lib -L/jenhome/jenkins/jobs/LE910Cx_Multi_DAILY/workspace/build/apps_proc/poky/build/tmp-glibc/sysroots/x86_64-linux/lib -Wl,-rpath-link,/jenhome/jenkins/jobs/LE910Cx_Multi_DAILY/workspace/build/apps_proc/poky/build/tmp-glibc/sysroots/x86_64-linux/usr/lib -Wl,-rpath-link,/jenhome/jenkins/jobs/LE910Cx_Multi_DAILY/workspace/build/apps_proc/poky/build/tmp-glibc/sysroots/x86_64-linux/lib -Wl,-rpath,/jenhome/jenkins/jobs/LE910Cx_Multi_DAILY/workspace/build/apps_proc/poky/build/tmp-glibc/sysroots/x86_64-linux/usr/lib -Wl,-rpath,/jenhome/jenkins/jobs/LE910Cx_Multi_DAILY/workspace/build/apps_proc/poky/build/tmp-glibc/sysroots/x86_64-linux/lib -Wl,-O1 -Wl,-rpath -Wl,/foo conftest.c  >&5
configure:9930: $? = 0
configure:10152: result: GNU/Linux ld.so
configure:10259: checking how to hardcode library paths into programs
configure:10284: result: immediate
configure:10824: checking whether stripping libraries is possible
configure:10829: result: yes
configure:10864: checking if libtool supports shared libraries
configure:10866: result: yes
configure:10869: checking whether to build shared libraries
configure:10890: result: yes
configure:10893: checking whether to build static libraries
configure:10897: result: yes
configure:10955: checking for int64_t
configure:10955: gcc  -c -isystem/jenhome/jenkins/jobs/LE910Cx_Multi_DAILY/workspace/build/apps_proc/poky/build/tmp-glibc/sysroots/x86_64-linux/usr/include -O2 -pipe  conftest.c >&5
configure:10955: $? = 0
configure:10955: gcc  -c -isystem/jenhome/jenkins/jobs/LE910Cx_Multi_DAILY/workspace/build/apps_proc/poky/build/tmp-glibc/sysroots/x86_64-linux/usr/include -O2 -pipe  conftest.c >&5
conftest.c: In function 'main':
conftest.c:60:53: warning: integer overflow in expression [-Woverflow]
    < (int64_t) ((((int64_t) 1 << (64 - 2)) - 1) * 2 + 2))];
                                                     ^
conftest.c:59:12: error: storage size of 'test_array' isn't constant
 static int test_array [1 - 2 * !((int64_t) ((((int64_t) 1 << (64 - 2)) - 1) * 2 + 1)
            ^
configure:10955: $? = 1
configure: failed program was:
| /* confdefs.h */
| #define PACKAGE_NAME "LTO plugin for ld"
| #define PACKAGE_TARNAME "lto-plugin"
| #define PACKAGE_VERSION "0.1"
| #define PACKAGE_STRING "LTO plugin for ld 0.1"
| #define PACKAGE_BUGREPORT ""
| #define PACKAGE_URL ""
| #define PACKAGE "lto-plugin"
| #define VERSION "0.1"
| #define STDC_HEADERS 1
| #define HAVE_SYS_TYPES_H 1
| #define HAVE_SYS_STAT_H 1
| #define HAVE_STDLIB_H 1
| #define HAVE_STRING_H 1
| #define HAVE_MEMORY_H 1
| #define HAVE_STRINGS_H 1
| #define HAVE_INTTYPES_H 1
| #define HAVE_STDINT_H 1
| #define HAVE_UNISTD_H 1
| #define HAVE_DLFCN_H 1
| #define LT_OBJDIR ".libs/"
| /* end confdefs.h.  */
| #include <stdio.h>
| #ifdef HAVE_SYS_TYPES_H
| # include <sys/types.h>
| #endif
| #ifdef HAVE_SYS_STAT_H
| # include <sys/stat.h>
| #endif
| #ifdef STDC_HEADERS
| # include <stdlib.h>
| # include <stddef.h>
| #else
| # ifdef HAVE_STDLIB_H
| #  include <stdlib.h>
| # endif
| #endif
| #ifdef HAVE_STRING_H
| # if !defined STDC_HEADERS && defined HAVE_MEMORY_H
| #  include <memory.h>
| # endif
| # include <string.h>
| #endif
| #ifdef HAVE_STRINGS_H
| # include <strings.h>
| #endif
| #ifdef HAVE_INTTYPES_H
| # include <inttypes.h>
| #endif
| #ifdef HAVE_STDINT_H
| # include <stdint.h>
| #endif
| #ifdef HAVE_UNISTD_H
| # include <unistd.h>
| #endif
| int
| main ()
| {
| static int test_array [1 - 2 * !((int64_t) ((((int64_t) 1 << (64 - 2)) - 1) * 2 + 1)
| 		 < (int64_t) ((((int64_t) 1 << (64 - 2)) - 1) * 2 + 2))];
| test_array [0] = 0
| 
|   ;
|   return 0;
| }
configure:10955: result: yes
configure:10966: checking for uint64_t
configure:10966: gcc  -c -isystem/jenhome/jenkins/jobs/LE910Cx_Multi_DAILY/workspace/build/apps_proc/poky/build/tmp-glibc/sysroots/x86_64-linux/usr/include -O2 -pipe  conftest.c >&5
configure:10966: $? = 0
configure:10966: result: yes
configure:10980: checking for sys/wait.h that is POSIX.1 compatible
configure:11006: gcc  -c -isystem/jenhome/jenkins/jobs/LE910Cx_Multi_DAILY/workspace/build/apps_proc/poky/build/tmp-glibc/sysroots/x86_64-linux/usr/include -O2 -pipe  conftest.c >&5
configure:11006: $? = 0
configure:11013: result: yes
configure:11090: updating cache ./config.cache
configure:11147: creating ./config.status

## ---------------------- ##
## Running config.status. ##
## ---------------------- ##

This file was extended by LTO plugin for ld config.status 0.1, which was
generated by GNU Autoconf 2.64.  Invocation command line was

  CONFIG_FILES    = 
  CONFIG_HEADERS  = 
  CONFIG_LINKS    = 
  CONFIG_COMMANDS = 
  $ ./config.status 

on srv-krs-jen05

config.status:1087: creating Makefile
config.status:1087: creating config.h
config.status:1300: executing depfiles commands
config.status:1300: executing libtool commands

## ---------------- ##
## Cache variables. ##
## ---------------- ##

ac_cv_build=x86_64-pc-linux-gnu
ac_cv_c_compiler_gnu=yes
ac_cv_c_int64_t=yes
ac_cv_c_uint64_t=yes
ac_cv_env_CC_set=set
ac_cv_env_CC_value='gcc '
ac_cv_env_CFLAGS_set=set
ac_cv_env_CFLAGS_value='-isystem/jenhome/jenkins/jobs/LE910Cx_Multi_DAILY/workspace/build/apps_proc/poky/build/tmp-glibc/sysroots/x86_64-linux/usr/include -O2 -pipe'
ac_cv_env_CPPFLAGS_set=set
ac_cv_env_CPPFLAGS_value=
ac_cv_env_CPP_set=set
ac_cv_env_CPP_value='gcc -E '
ac_cv_env_LDFLAGS_set=set
ac_cv_env_LDFLAGS_value='-static-libstdc++ -static-libgcc -L/jenhome/jenkins/jobs/LE910Cx_Multi_DAILY/workspace/build/apps_proc/poky/build/tmp-glibc/sysroots/x86_64-linux/usr/lib -L/jenhome/jenkins/jobs/LE910Cx_Multi_DAILY/workspace/build/apps_proc/poky/build/tmp-glibc/sysroots/x86_64-linux/lib -Wl,-rpath-link,/jenhome/jenkins/jobs/LE910Cx_Multi_DAILY/workspace/build/apps_proc/poky/build/tmp-glibc/sysroots/x86_64-linux/usr/lib -Wl,-rpath-link,/jenhome/jenkins/jobs/LE910Cx_Multi_DAILY/workspace/build/apps_proc/poky/build/tmp-glibc/sysroots/x86_64-linux/lib -Wl,-rpath,/jenhome/jenkins/jobs/LE910Cx_Multi_DAILY/workspace/build/apps_proc/poky/build/tmp-glibc/sysroots/x86_64-linux/usr/lib -Wl,-rpath,/jenhome/jenkins/jobs/LE910Cx_Multi_DAILY/workspace/build/apps_proc/poky/build/tmp-glibc/sysroots/x86_64-linux/lib -Wl,-O1'
ac_cv_env_LIBS_set=
ac_cv_env_LIBS_value=
ac_cv_env_build_alias_set=set
ac_cv_env_build_alias_value=x86_64-linux
ac_cv_env_host_alias_set=set
ac_cv_env_host_alias_value=x86_64-linux
ac_cv_env_target_alias_set=set
ac_cv_env_target_alias_value=arm-oe-linux-gnueabi
ac_cv_header_dlfcn_h=yes
ac_cv_header_inttypes_h=yes
ac_cv_header_memory_h=yes
ac_cv_header_stdc=yes
ac_cv_header_stdint_h=yes
ac_cv_header_stdlib_h=yes
ac_cv_header_string_h=yes
ac_cv_header_strings_h=yes
ac_cv_header_sys_stat_h=yes
ac_cv_header_sys_types_h=yes
ac_cv_header_sys_wait_h=yes
ac_cv_header_unistd_h=yes
ac_cv_host=x86_64-pc-linux-gnu
ac_cv_objext=o
ac_cv_path_EGREP='/bin/grep -E'
ac_cv_path_FGREP='/bin/grep -F'
ac_cv_path_GREP=/bin/grep
ac_cv_path_SED=/bin/sed
ac_cv_path_install='/usr/bin/install -c'
ac_cv_path_mkdir=/bin/mkdir
ac_cv_prog_AR=ar
ac_cv_prog_AWK=gawk
ac_cv_prog_CC='gcc '
ac_cv_prog_CPP='gcc -E '
ac_cv_prog_OBJDUMP=objdump
ac_cv_prog_RANLIB=ranlib
ac_cv_prog_STRIP=strip
ac_cv_prog_cc_c89=
ac_cv_prog_cc_g=yes
ac_cv_prog_make_make_set=yes
ac_cv_sys_file_offset_bits=no
ac_cv_sys_largefile_CC=no
ac_cv_target=arm-oe-linux-gnueabi
acx_cv_prog_cc_warning__Wall=yes
am_cv_CC_dependencies_compiler_type=none
gcc_cv_collect2_libs='none required'
lt_cv_archive_cmds_need_lc=no
lt_cv_deplibs_check_method=pass_all
lt_cv_file_magic_cmd='$MAGIC_CMD'
lt_cv_file_magic_test_file=
lt_cv_ld_reload_flag=-r
lt_cv_nm_interface='BSD nm'
lt_cv_objdir=.libs
lt_cv_path_LD='ld '
lt_cv_path_NM=nm
lt_cv_prog_compiler_c_o=yes
lt_cv_prog_compiler_pic_works=yes
lt_cv_prog_compiler_rtti_exceptions=no
lt_cv_prog_compiler_static_works=yes
lt_cv_prog_gnu_ld=yes
lt_cv_shlibpath_overrides_runpath=no
lt_cv_sys_global_symbol_pipe='sed -n -e '\''s/^.*[	 ]\([ABCDGIRSTW][ABCDGIRSTW]*\)[	 ][	 ]*\([_A-Za-z][_A-Za-z0-9]*\)$/\1 \2 \2/p'\'''
lt_cv_sys_global_symbol_to_c_name_address='sed -n -e '\''s/^: \([^ ]*\) $/  {\"\1\", (void *) 0},/p'\'' -e '\''s/^[ABCDGIRSTW]* \([^ ]*\) \([^ ]*\)$/  {"\2", (void *) \&\2},/p'\'''
lt_cv_sys_global_symbol_to_c_name_address_lib_prefix='sed -n -e '\''s/^: \([^ ]*\) $/  {\"\1\", (void *) 0},/p'\'' -e '\''s/^[ABCDGIRSTW]* \([^ ]*\) \(lib[^ ]*\)$/  {"\2", (void *) \&\2},/p'\'' -e '\''s/^[ABCDGIRSTW]* \([^ ]*\) \([^ ]*\)$/  {"lib\2", (void *) \&\2},/p'\'''
lt_cv_sys_global_symbol_to_cdecl='sed -n -e '\''s/^T .* \(.*\)$/extern int \1();/p'\'' -e '\''s/^[ABCDGIRSTW]* .* \(.*\)$/extern char \1;/p'\'''
lt_cv_sys_lib_dlsearch_path_spec='/jenhome/jenkins/jobs/LE910Cx_Multi_DAILY/workspace/build/apps_proc/poky/build/tmp-glibc/sysroots/x86_64-linux/usr/lib/arm-oe-linux-gnueabi /jenhome/jenkins/jobs/LE910Cx_Multi_DAILY/workspace/build/apps_proc/poky/build/tmp-glibc/sysroots/x86_64-linux/lib'
lt_cv_sys_max_cmd_len=3458764513820540925

## ----------------- ##
## Output variables. ##
## ----------------- ##

ACLOCAL='${SHELL} /jenhome/jenkins/jobs/LE910Cx_Multi_DAILY/workspace/build/apps_proc/poky/build/tmp-glibc/work-shared/gcc-4.9.3-r0/gcc-4.9.3/missing --run aclocal-1.11'
AMDEPBACKSLASH=''
AMDEP_FALSE=''
AMDEP_TRUE='#'
AMTAR='${SHELL} /jenhome/jenkins/jobs/LE910Cx_Multi_DAILY/workspace/build/apps_proc/poky/build/tmp-glibc/work-shared/gcc-4.9.3-r0/gcc-4.9.3/missing --run tar'
AR='ar'
AUTOCONF='${SHELL} /jenhome/jenkins/jobs/LE910Cx_Multi_DAILY/workspace/build/apps_proc/poky/build/tmp-glibc/work-shared/gcc-4.9.3-r0/gcc-4.9.3/missing --run autoconf'
AUTOHEADER='${SHELL} /jenhome/jenkins/jobs/LE910Cx_Multi_DAILY/workspace/build/apps_proc/poky/build/tmp-glibc/work-shared/gcc-4.9.3-r0/gcc-4.9.3/missing --run autoheader'
AUTOMAKE='${SHELL} /jenhome/jenkins/jobs/LE910Cx_Multi_DAILY/workspace/build/apps_proc/poky/build/tmp-glibc/work-shared/gcc-4.9.3-r0/gcc-4.9.3/missing --run automake-1.11'
AWK='gawk'
CC='gcc '
CCDEPMODE='depmode=none'
CFLAGS='-isystem/jenhome/jenkins/jobs/LE910Cx_Multi_DAILY/workspace/build/apps_proc/poky/build/tmp-glibc/sysroots/x86_64-linux/usr/include -O2 -pipe'
CPP='gcc -E '
CPPFLAGS=''
CYGPATH_W='echo'
DEFS='-DHAVE_CONFIG_H'
DEPDIR='.deps'
DSYMUTIL=''
DUMPBIN=''
ECHO_C=''
ECHO_N='-n'
ECHO_T=''
EGREP='/bin/grep -E'
EXEEXT=''
FGREP='/bin/grep -F'
GREP='/bin/grep'
INSTALL_DATA='${INSTALL} -m 644'
INSTALL_PROGRAM='${INSTALL}'
INSTALL_SCRIPT='${INSTALL}'
INSTALL_STRIP_PROGRAM='$(install_sh) -c -s'
LD='ld  -m elf_x86_64'
LDFLAGS='-static-libstdc++ -static-libgcc -L/jenhome/jenkins/jobs/LE910Cx_Multi_DAILY/workspace/build/apps_proc/poky/build/tmp-glibc/sysroots/x86_64-linux/usr/lib -L/jenhome/jenkins/jobs/LE910Cx_Multi_DAILY/workspace/build/apps_proc/poky/build/tmp-glibc/sysroots/x86_64-linux/lib -Wl,-rpath-link,/jenhome/jenkins/jobs/LE910Cx_Multi_DAILY/workspace/build/apps_proc/poky/build/tmp-glibc/sysroots/x86_64-linux/usr/lib -Wl,-rpath-link,/jenhome/jenkins/jobs/LE910Cx_Multi_DAILY/workspace/build/apps_proc/poky/build/tmp-glibc/sysroots/x86_64-linux/lib -Wl,-rpath,/jenhome/jenkins/jobs/LE910Cx_Multi_DAILY/workspace/build/apps_proc/poky/build/tmp-glibc/sysroots/x86_64-linux/usr/lib -Wl,-rpath,/jenhome/jenkins/jobs/LE910Cx_Multi_DAILY/workspace/build/apps_proc/poky/build/tmp-glibc/sysroots/x86_64-linux/lib -Wl,-O1'
LIBOBJS=''
LIBS=''
LIBTOOL='$(SHELL) $(top_builddir)/libtool'
LIPO=''
LN_S='ln -s'
LTLIBOBJS=''
MAINT='#'
MAINTAINER_MODE_FALSE=''
MAINTAINER_MODE_TRUE='#'
MAKEINFO='makeinfo'
MKDIR_P='/bin/mkdir -p'
NM='nm'
NMEDIT=''
OBJDUMP='objdump'
OBJEXT='o'
OTOOL64=''
OTOOL=''
PACKAGE='lto-plugin'
PACKAGE_BUGREPORT=''
PACKAGE_NAME='LTO plugin for ld'
PACKAGE_STRING='LTO plugin for ld 0.1'
PACKAGE_TARNAME='lto-plugin'
PACKAGE_URL=''
PACKAGE_VERSION='0.1'
PATH_SEPARATOR=':'
RANLIB='ranlib'
SED='/bin/sed'
SET_MAKE=''
SHELL='/bin/sh'
STRIP='strip'
VERSION='0.1'
ac_ct_CC=''
ac_ct_DUMPBIN=''
ac_lto_plugin_ldflags='-Wc,-static-libgcc'
ac_lto_plugin_warn_cflags='-Wall'
am__EXEEXT_FALSE=''
am__EXEEXT_TRUE='#'
am__fastdepCC_FALSE=''
am__fastdepCC_TRUE='#'
am__include='include'
am__isrc=' -I$(srcdir)'
am__leading_dot='.'
am__quote=''
am__tar='${AMTAR} chof - "$$tardir"'
am__untar='${AMTAR} xf -'
bindir='/jenhome/jenkins/jobs/LE910Cx_Multi_DAILY/workspace/build/apps_proc/poky/build/tmp-glibc/sysroots/x86_64-linux/usr/bin/arm-oe-linux-gnueabi'
build='x86_64-pc-linux-gnu'
build_alias='x86_64-linux'
build_cpu='x86_64'
build_libsubdir='build-x86_64-linux'
build_os='linux-gnu'
build_subdir='build-x86_64-linux'
build_vendor='pc'
datadir='/jenhome/jenkins/jobs/LE910Cx_Multi_DAILY/workspace/build/apps_proc/poky/build/tmp-glibc/sysroots/x86_64-linux/usr/share'
datarootdir='${prefix}/share'
docdir='${datarootdir}/doc/${PACKAGE_TARNAME}'
dvidir='${docdir}'
exec_prefix='/jenhome/jenkins/jobs/LE910Cx_Multi_DAILY/workspace/build/apps_proc/poky/build/tmp-glibc/sysroots/x86_64-linux/usr'
host='x86_64-pc-linux-gnu'
host_alias='x86_64-linux'
host_cpu='x86_64'
host_os='linux-gnu'
host_subdir='.'
host_vendor='pc'
htmldir='${docdir}'
includedir='/jenhome/jenkins/jobs/LE910Cx_Multi_DAILY/workspace/build/apps_proc/poky/build/tmp-glibc/sysroots/x86_64-linux/usr/include'
infodir='/jenhome/jenkins/jobs/LE910Cx_Multi_DAILY/workspace/build/apps_proc/poky/build/tmp-glibc/sysroots/x86_64-linux/usr/share/info'
install_sh='${SHELL} /jenhome/jenkins/jobs/LE910Cx_Multi_DAILY/workspace/build/apps_proc/poky/build/tmp-glibc/work-shared/gcc-4.9.3-r0/gcc-4.9.3/install-sh'
libdir='/jenhome/jenkins/jobs/LE910Cx_Multi_DAILY/workspace/build/apps_proc/poky/build/tmp-glibc/sysroots/x86_64-linux/usr/lib/arm-oe-linux-gnueabi'
libexecdir='/jenhome/jenkins/jobs/LE910Cx_Multi_DAILY/workspace/build/apps_proc/poky/build/tmp-glibc/sysroots/x86_64-linux/usr/libexec/arm-oe-linux-gnueabi'
localedir='${datarootdir}/locale'
localstatedir='/jenhome/jenkins/jobs/LE910Cx_Multi_DAILY/workspace/build/apps_proc/poky/build/tmp-glibc/sysroots/x86_64-linux/var'
lt_host_flags=''
mandir='/jenhome/jenkins/jobs/LE910Cx_Multi_DAILY/workspace/build/apps_proc/poky/build/tmp-glibc/sysroots/x86_64-linux/usr/share/man'
mkdir_p='/bin/mkdir -p'
oldincludedir='/jenhome/jenkins/jobs/LE910Cx_Multi_DAILY/workspace/build/apps_proc/poky/build/tmp-glibc/sysroots/x86_64-linux/usr/include'
pdfdir='${docdir}'
prefix='/jenhome/jenkins/jobs/LE910Cx_Multi_DAILY/workspace/build/apps_proc/poky/build/tmp-glibc/sysroots/x86_64-linux/usr'
program_transform_name='s&^&arm-oe-linux-gnueabi-&'
psdir='${docdir}'
sbindir='/jenhome/jenkins/jobs/LE910Cx_Multi_DAILY/workspace/build/apps_proc/poky/build/tmp-glibc/sysroots/x86_64-linux/usr/bin/arm-oe-linux-gnueabi'
sharedstatedir='/jenhome/jenkins/jobs/LE910Cx_Multi_DAILY/workspace/build/apps_proc/poky/build/tmp-glibc/sysroots/x86_64-linux/com'
sysconfdir='/jenhome/jenkins/jobs/LE910Cx_Multi_DAILY/workspace/build/apps_proc/poky/build/tmp-glibc/sysroots/x86_64-linux/etc'
target='arm-oe-linux-gnueabi'
target_alias='arm-oe-linux-gnueabi'
target_cpu='arm'
target_noncanonical='arm-oe-linux-gnueabi'
target_os='linux-gnueabi'
target_subdir='arm-oe-linux-gnueabi'
target_vendor='oe'

## ----------- ##
## confdefs.h. ##
## ----------- ##

/* confdefs.h */
#define PACKAGE_NAME "LTO plugin for ld"
#define PACKAGE_TARNAME "lto-plugin"
#define PACKAGE_VERSION "0.1"
#define PACKAGE_STRING "LTO plugin for ld 0.1"
#define PACKAGE_BUGREPORT ""
#define PACKAGE_URL ""
#define PACKAGE "lto-plugin"
#define VERSION "0.1"
#define STDC_HEADERS 1
#define HAVE_SYS_TYPES_H 1
#define HAVE_SYS_STAT_H 1
#define HAVE_STDLIB_H 1
#define HAVE_STRING_H 1
#define HAVE_MEMORY_H 1
#define HAVE_STRINGS_H 1
#define HAVE_INTTYPES_H 1
#define HAVE_STDINT_H 1
#define HAVE_UNISTD_H 1
#define HAVE_DLFCN_H 1
#define LT_OBJDIR ".libs/"
#define HAVE_SYS_WAIT_H 1

configure: exit 0
