This file contains any messages produced by compilers while
running configure, to aid debugging if configure makes a mistake.

It was created by configure, which was
generated by GNU Autoconf 2.64.  Invocation command line was

  $ /jenhome/jenkins/jobs/LE910Cx_Multi_DAILY/workspace/build/apps_proc/poky/build/tmp-glibc/work-shared/gcc-4.9.3-r0/gcc-4.9.3/configure --build=x86_64-linux --host=x86_64-linux --target=arm-oe-linux-gnueabi --prefix=/jenhome/jenkins/jobs/LE910Cx_Multi_DAILY/workspace/build/apps_proc/poky/build/tmp-glibc/sysroots/x86_64-linux/usr --exec_prefix=/jenhome/jenkins/jobs/LE910Cx_Multi_DAILY/workspace/build/apps_proc/poky/build/tmp-glibc/sysroots/x86_64-linux/usr --bindir=/jenhome/jenkins/jobs/LE910Cx_Multi_DAILY/workspace/build/apps_proc/poky/build/tmp-glibc/sysroots/x86_64-linux/usr/bin/arm-oe-linux-gnueabi --sbindir=/jenhome/jenkins/jobs/LE910Cx_Multi_DAILY/workspace/build/apps_proc/poky/build/tmp-glibc/sysroots/x86_64-linux/usr/bin/arm-oe-linux-gnueabi --libexecdir=/jenhome/jenkins/jobs/LE910Cx_Multi_DAILY/workspace/build/apps_proc/poky/build/tmp-glibc/sysroots/x86_64-linux/usr/libexec/arm-oe-linux-gnueabi --datadir=/jenhome/jenkins/jobs/LE910Cx_Multi_DAILY/workspace/build/apps_proc/poky/build/tmp-glibc/sysroots/x86_64-linux/usr/share --sysconfdir=/jenhome/jenkins/jobs/LE910Cx_Multi_DAILY/workspace/build/apps_proc/poky/build/tmp-glibc/sysroots/x86_64-linux/etc --sharedstatedir=/jenhome/jenkins/jobs/LE910Cx_Multi_DAILY/workspace/build/apps_proc/poky/build/tmp-glibc/sysroots/x86_64-linux/com --localstatedir=/jenhome/jenkins/jobs/LE910Cx_Multi_DAILY/workspace/build/apps_proc/poky/build/tmp-glibc/sysroots/x86_64-linux/var --libdir=/jenhome/jenkins/jobs/LE910Cx_Multi_DAILY/workspace/build/apps_proc/poky/build/tmp-glibc/sysroots/x86_64-linux/usr/lib/arm-oe-linux-gnueabi --includedir=/jenhome/jenkins/jobs/LE910Cx_Multi_DAILY/workspace/build/apps_proc/poky/build/tmp-glibc/sysroots/x86_64-linux/usr/include --oldincludedir=/jenhome/jenkins/jobs/LE910Cx_Multi_DAILY/workspace/build/apps_proc/poky/build/tmp-glibc/sysroots/x86_64-linux/usr/include --infodir=/jenhome/jenkins/jobs/LE910Cx_Multi_DAILY/workspace/build/apps_proc/poky/build/tmp-glibc/sysroots/x86_64-linux/usr/share/info --mandir=/jenhome/jenkins/jobs/LE910Cx_Multi_DAILY/workspace/build/apps_proc/poky/build/tmp-glibc/sysroots/x86_64-linux/usr/share/man --disable-silent-rules --disable-dependency-tracking --with-libtool-sysroot=/jenhome/jenkins/jobs/LE910Cx_Multi_DAILY/workspace/build/apps_proc/poky/build/tmp-glibc/sysroots/x86_64-linux --enable-clocale=generic --with-gnu-ld --enable-shared --enable-languages=c,c++ --enable-threads=posix --disable-multilib --enable-c99 --enable-long-long --enable-symvers=gnu --enable-libstdcxx-pch --program-prefix=arm-oe-linux-gnueabi- --without-local-prefix --enable-target-optspace --enable-lto --enable-libssp --disable-bootstrap --disable-libmudflap --with-system-zlib --with-linker-hash-style=gnu --enable-linker-build-id --with-ppl=no --with-cloog=no --enable-checking=release --enable-cheaders=c_global --with-gxx-include-dir=/not/exist/usr/include/c++/4.9.3 --with-sysroot=/not/exist --with-build-sysroot=/jenhome/jenkins/jobs/LE910Cx_Multi_DAILY/workspace/build/apps_proc/poky/build/tmp-glibc/sysroots/mdm9607 --enable-poison-system-directories --with-mpfr=/jenhome/jenkins/jobs/LE910Cx_Multi_DAILY/workspace/build/apps_proc/poky/build/tmp-glibc/sysroots/x86_64-linux/usr --with-system-zlib --disable-nls --with-arch=armv7-a

## --------- ##
## Platform. ##
## --------- ##

hostname = srv-krs-jen05
uname -m = x86_64
uname -r = 4.4.0-148-generic
uname -s = Linux
uname -v = #174~14.04.1-Ubuntu SMP Thu May 9 08:17:37 UTC 2019

/usr/bin/uname -p = unknown
/bin/uname -X     = unknown

/bin/arch              = unknown
/usr/bin/arch -k       = unknown
/usr/convex/getsysinfo = unknown
/usr/bin/hostinfo      = unknown
/bin/machine           = unknown
/usr/bin/oslevel       = unknown
/bin/universe          = unknown

PATH: /jenhome/jenkins/jobs/LE910Cx_Multi_DAILY/workspace/build/apps_proc/poky/build/tmp-glibc/sysroots/x86_64-linux/usr/bin/texinfo-dummy-native
PATH: /jenhome/jenkins/jobs/LE910Cx_Multi_DAILY/workspace/build/apps_proc/poky/scripts
PATH: /jenhome/jenkins/jobs/LE910Cx_Multi_DAILY/workspace/build/apps_proc/poky/build/tmp-glibc/sysroots/x86_64-linux/usr/bin/arm-oe-linux-gnueabi
PATH: /jenhome/jenkins/jobs/LE910Cx_Multi_DAILY/workspace/build/apps_proc/poky/build/tmp-glibc/sysroots/x86_64-linux/jenhome/jenkins/jobs/LE910Cx_Multi_DAILY/workspace/build/apps_proc/poky/build/tmp-glibc/sysroots/x86_64-linux/usr/bin/arm-oe-linux-gnueabi/crossscripts
PATH: /jenhome/jenkins/jobs/LE910Cx_Multi_DAILY/workspace/build/apps_proc/poky/build/tmp-glibc/sysroots/x86_64-linux/usr/sbin
PATH: /jenhome/jenkins/jobs/LE910Cx_Multi_DAILY/workspace/build/apps_proc/poky/build/tmp-glibc/sysroots/x86_64-linux/usr/bin
PATH: /jenhome/jenkins/jobs/LE910Cx_Multi_DAILY/workspace/build/apps_proc/poky/build/tmp-glibc/sysroots/x86_64-linux/sbin
PATH: /jenhome/jenkins/jobs/LE910Cx_Multi_DAILY/workspace/build/apps_proc/poky/build/tmp-glibc/sysroots/x86_64-linux/bin
PATH: /jenhome/jenkins/jobs/LE910Cx_Multi_DAILY/workspace/build/apps_proc/poky/scripts
PATH: /jenhome/jenkins/jobs/LE910Cx_Multi_DAILY/workspace/build/apps_proc/poky/bitbake/bin
PATH: /opt/.pyenv/versions/2.7.5/bin
PATH: /home/TMT/svc_krs_jenkins/bin
PATH: ~/bin
PATH: /opt/rational/clearcase/bin
PATH: /usr/local/sbin
PATH: /usr/local/bin
PATH: /usr/sbin
PATH: /usr/bin
PATH: /sbin
PATH: /bin
PATH: /usr/games
PATH: /usr/local/games


## ----------- ##
## Core tests. ##
## ----------- ##

configure:2322: checking build system type
configure:2336: result: x86_64-pc-linux-gnu
configure:2383: checking host system type
configure:2396: result: x86_64-pc-linux-gnu
configure:2416: checking target system type
configure:2429: result: arm-oe-linux-gnueabi
configure:2483: checking for a BSD-compatible install
configure:2551: result: /usr/bin/install -c
configure:2562: checking whether ln works
configure:2584: result: yes
configure:2588: checking whether ln -s works
configure:2592: result: yes
configure:2599: checking for a sed that does not truncate output
configure:2663: result: /bin/sed
configure:2672: checking for gawk
configure:2688: found /usr/bin/gawk
configure:2699: result: gawk
configure:3154: checking for libatomic support
configure:3164: result: yes
configure:3173: checking for libcilkrts support
configure:3179: result: no
configure:3192: checking for libitm support
configure:3202: result: yes
configure:3211: checking for libsanitizer support
configure:3221: result: yes
configure:3230: checking for libvtv support
configure:3236: result: no
configure:3933: checking for x86_64-linux-gcc
configure:3960: result: gcc 
configure:4229: checking for C compiler version
configure:4238: gcc  --version >&5
gcc (Ubuntu 4.8.4-2ubuntu1~14.04.4) 4.8.4
Copyright (C) 2013 Free Software Foundation, Inc.
This is free software; see the source for copying conditions.  There is NO
warranty; not even for MERCHANTABILITY or FITNESS FOR A PARTICULAR PURPOSE.

configure:4249: $? = 0
configure:4238: gcc  -v >&5
Using built-in specs.
COLLECT_GCC=gcc
COLLECT_LTO_WRAPPER=/usr/lib/gcc/x86_64-linux-gnu/4.8/lto-wrapper
Target: x86_64-linux-gnu
Configured with: ../src/configure -v --with-pkgversion='Ubuntu 4.8.4-2ubuntu1~14.04.4' --with-bugurl=file:///usr/share/doc/gcc-4.8/README.Bugs --enable-languages=c,c++,java,go,d,fortran,objc,obj-c++ --prefix=/usr --program-suffix=-4.8 --enable-shared --enable-linker-build-id --libexecdir=/usr/lib --without-included-gettext --enable-threads=posix --with-gxx-include-dir=/usr/include/c++/4.8 --libdir=/usr/lib --enable-nls --with-sysroot=/ --enable-clocale=gnu --enable-libstdcxx-debug --enable-libstdcxx-time=yes --enable-gnu-unique-object --disable-libmudflap --enable-plugin --with-system-zlib --disable-browser-plugin --enable-java-awt=gtk --enable-gtk-cairo --with-java-home=/usr/lib/jvm/java-1.5.0-gcj-4.8-amd64/jre --enable-java-home --with-jvm-root-dir=/usr/lib/jvm/java-1.5.0-gcj-4.8-amd64 --with-jvm-jar-dir=/usr/lib/jvm-exports/java-1.5.0-gcj-4.8-amd64 --with-arch-directory=amd64 --with-ecj-jar=/usr/share/java/eclipse-ecj.jar --enable-objc-gc --enable-multiarch --disable-werror --with-arch-32=i686 --with-abi=m64 --with-multilib-list=m32,m64,mx32 --with-tune=generic --enable-checking=release --build=x86_64-linux-gnu --host=x86_64-linux-gnu --target=x86_64-linux-gnu
Thread model: posix
gcc version 4.8.4 (Ubuntu 4.8.4-2ubuntu1~14.04.4) 
configure:4249: $? = 0
configure:4238: gcc  -V >&5
gcc: error: unrecognized command line option '-V'
gcc: fatal error: no input files
compilation terminated.
configure:4249: $? = 4
configure:4238: gcc  -qversion >&5
gcc: error: unrecognized command line option '-qversion'
gcc: fatal error: no input files
compilation terminated.
configure:4249: $? = 4
configure:4269: checking for C compiler default output file name
configure:4291: gcc  -isystem/jenhome/jenkins/jobs/LE910Cx_Multi_DAILY/workspace/build/apps_proc/poky/build/tmp-glibc/sysroots/x86_64-linux/usr/include -O2 -pipe  -L/jenhome/jenkins/jobs/LE910Cx_Multi_DAILY/workspace/build/apps_proc/poky/build/tmp-glibc/sysroots/x86_64-linux/usr/lib -L/jenhome/jenkins/jobs/LE910Cx_Multi_DAILY/workspace/build/apps_proc/poky/build/tmp-glibc/sysroots/x86_64-linux/lib -Wl,-rpath-link,/jenhome/jenkins/jobs/LE910Cx_Multi_DAILY/workspace/build/apps_proc/poky/build/tmp-glibc/sysroots/x86_64-linux/usr/lib -Wl,-rpath-link,/jenhome/jenkins/jobs/LE910Cx_Multi_DAILY/workspace/build/apps_proc/poky/build/tmp-glibc/sysroots/x86_64-linux/lib -Wl,-rpath,/jenhome/jenkins/jobs/LE910Cx_Multi_DAILY/workspace/build/apps_proc/poky/build/tmp-glibc/sysroots/x86_64-linux/usr/lib -Wl,-rpath,/jenhome/jenkins/jobs/LE910Cx_Multi_DAILY/workspace/build/apps_proc/poky/build/tmp-glibc/sysroots/x86_64-linux/lib -Wl,-O1 conftest.c  >&5
configure:4295: $? = 0
configure:4332: result: a.out
configure:4348: checking whether the C compiler works
configure:4357: ./a.out
configure:4361: $? = 0
configure:4376: result: yes
configure:4383: checking whether we are cross compiling
configure:4385: result: no
configure:4388: checking for suffix of executables
configure:4395: gcc  -o conftest -isystem/jenhome/jenkins/jobs/LE910Cx_Multi_DAILY/workspace/build/apps_proc/poky/build/tmp-glibc/sysroots/x86_64-linux/usr/include -O2 -pipe  -L/jenhome/jenkins/jobs/LE910Cx_Multi_DAILY/workspace/build/apps_proc/poky/build/tmp-glibc/sysroots/x86_64-linux/usr/lib -L/jenhome/jenkins/jobs/LE910Cx_Multi_DAILY/workspace/build/apps_proc/poky/build/tmp-glibc/sysroots/x86_64-linux/lib -Wl,-rpath-link,/jenhome/jenkins/jobs/LE910Cx_Multi_DAILY/workspace/build/apps_proc/poky/build/tmp-glibc/sysroots/x86_64-linux/usr/lib -Wl,-rpath-link,/jenhome/jenkins/jobs/LE910Cx_Multi_DAILY/workspace/build/apps_proc/poky/build/tmp-glibc/sysroots/x86_64-linux/lib -Wl,-rpath,/jenhome/jenkins/jobs/LE910Cx_Multi_DAILY/workspace/build/apps_proc/poky/build/tmp-glibc/sysroots/x86_64-linux/usr/lib -Wl,-rpath,/jenhome/jenkins/jobs/LE910Cx_Multi_DAILY/workspace/build/apps_proc/poky/build/tmp-glibc/sysroots/x86_64-linux/lib -Wl,-O1 conftest.c  >&5
configure:4399: $? = 0
configure:4421: result: 
configure:4427: checking for suffix of object files
configure:4449: gcc  -c -isystem/jenhome/jenkins/jobs/LE910Cx_Multi_DAILY/workspace/build/apps_proc/poky/build/tmp-glibc/sysroots/x86_64-linux/usr/include -O2 -pipe  conftest.c >&5
configure:4453: $? = 0
configure:4474: result: o
configure:4478: checking whether we are using the GNU C compiler
configure:4497: gcc  -c -isystem/jenhome/jenkins/jobs/LE910Cx_Multi_DAILY/workspace/build/apps_proc/poky/build/tmp-glibc/sysroots/x86_64-linux/usr/include -O2 -pipe  conftest.c >&5
configure:4497: $? = 0
configure:4506: result: yes
configure:4515: checking whether gcc  accepts -g
configure:4535: gcc  -c -g  conftest.c >&5
configure:4535: $? = 0
configure:4576: result: yes
configure:4593: checking for gcc  option to accept ISO C89
configure:4657: gcc   -c -isystem/jenhome/jenkins/jobs/LE910Cx_Multi_DAILY/workspace/build/apps_proc/poky/build/tmp-glibc/sysroots/x86_64-linux/usr/include -O2 -pipe  conftest.c >&5
configure:4657: $? = 0
configure:4670: result: none needed
configure:4802: checking for C++ compiler version
configure:4811: g++  --version >&5
g++ (Ubuntu 4.8.4-2ubuntu1~14.04.4) 4.8.4
Copyright (C) 2013 Free Software Foundation, Inc.
This is free software; see the source for copying conditions.  There is NO
warranty; not even for MERCHANTABILITY or FITNESS FOR A PARTICULAR PURPOSE.

configure:4822: $? = 0
configure:4811: g++  -v >&5
Using built-in specs.
COLLECT_GCC=g++
COLLECT_LTO_WRAPPER=/usr/lib/gcc/x86_64-linux-gnu/4.8/lto-wrapper
Target: x86_64-linux-gnu
Configured with: ../src/configure -v --with-pkgversion='Ubuntu 4.8.4-2ubuntu1~14.04.4' --with-bugurl=file:///usr/share/doc/gcc-4.8/README.Bugs --enable-languages=c,c++,java,go,d,fortran,objc,obj-c++ --prefix=/usr --program-suffix=-4.8 --enable-shared --enable-linker-build-id --libexecdir=/usr/lib --without-included-gettext --enable-threads=posix --with-gxx-include-dir=/usr/include/c++/4.8 --libdir=/usr/lib --enable-nls --with-sysroot=/ --enable-clocale=gnu --enable-libstdcxx-debug --enable-libstdcxx-time=yes --enable-gnu-unique-object --disable-libmudflap --enable-plugin --with-system-zlib --disable-browser-plugin --enable-java-awt=gtk --enable-gtk-cairo --with-java-home=/usr/lib/jvm/java-1.5.0-gcj-4.8-amd64/jre --enable-java-home --with-jvm-root-dir=/usr/lib/jvm/java-1.5.0-gcj-4.8-amd64 --with-jvm-jar-dir=/usr/lib/jvm-exports/java-1.5.0-gcj-4.8-amd64 --with-arch-directory=amd64 --with-ecj-jar=/usr/share/java/eclipse-ecj.jar --enable-objc-gc --enable-multiarch --disable-werror --with-arch-32=i686 --with-abi=m64 --with-multilib-list=m32,m64,mx32 --with-tune=generic --enable-checking=release --build=x86_64-linux-gnu --host=x86_64-linux-gnu --target=x86_64-linux-gnu
Thread model: posix
gcc version 4.8.4 (Ubuntu 4.8.4-2ubuntu1~14.04.4) 
configure:4822: $? = 0
configure:4811: g++  -V >&5
g++: error: unrecognized command line option '-V'
g++: fatal error: no input files
compilation terminated.
configure:4822: $? = 4
configure:4811: g++  -qversion >&5
g++: error: unrecognized command line option '-qversion'
g++: fatal error: no input files
compilation terminated.
configure:4822: $? = 4
configure:4826: checking whether we are using the GNU C++ compiler
configure:4845: g++  -c -isystem/jenhome/jenkins/jobs/LE910Cx_Multi_DAILY/workspace/build/apps_proc/poky/build/tmp-glibc/sysroots/x86_64-linux/usr/include -O2 -pipe  conftest.cpp >&5
configure:4845: $? = 0
configure:4854: result: yes
configure:4863: checking whether g++  accepts -g
configure:4883: g++  -c -g  conftest.cpp >&5
configure:4883: $? = 0
configure:4924: result: yes
configure:4973: checking whether g++ accepts -static-libstdc++ -static-libgcc
configure:4990: g++  -o conftest -isystem/jenhome/jenkins/jobs/LE910Cx_Multi_DAILY/workspace/build/apps_proc/poky/build/tmp-glibc/sysroots/x86_64-linux/usr/include -O2 -pipe  -L/jenhome/jenkins/jobs/LE910Cx_Multi_DAILY/workspace/build/apps_proc/poky/build/tmp-glibc/sysroots/x86_64-linux/usr/lib -L/jenhome/jenkins/jobs/LE910Cx_Multi_DAILY/workspace/build/apps_proc/poky/build/tmp-glibc/sysroots/x86_64-linux/lib -Wl,-rpath-link,/jenhome/jenkins/jobs/LE910Cx_Multi_DAILY/workspace/build/apps_proc/poky/build/tmp-glibc/sysroots/x86_64-linux/usr/lib -Wl,-rpath-link,/jenhome/jenkins/jobs/LE910Cx_Multi_DAILY/workspace/build/apps_proc/poky/build/tmp-glibc/sysroots/x86_64-linux/lib -Wl,-rpath,/jenhome/jenkins/jobs/LE910Cx_Multi_DAILY/workspace/build/apps_proc/poky/build/tmp-glibc/sysroots/x86_64-linux/usr/lib -Wl,-rpath,/jenhome/jenkins/jobs/LE910Cx_Multi_DAILY/workspace/build/apps_proc/poky/build/tmp-glibc/sysroots/x86_64-linux/lib -Wl,-O1 -static-libstdc++ -static-libgcc conftest.cpp  >&5
configure:4990: $? = 0
configure:4991: result: yes
configure:5015: checking for x86_64-linux-gnatbind
configure:5045: result: no
configure:5055: checking for gnatbind
configure:5085: result: no
configure:5107: checking for x86_64-linux-gnatmake
configure:5137: result: no
configure:5147: checking for gnatmake
configure:5177: result: no
configure:5196: checking whether compiler driver understands Ada
configure:5219: result: no
configure:5228: checking how to compare bootstrapped objects
configure:5253: result: cmp --ignore-initial=16 $$f1 $$f2
configure:5307: checking for objdir
configure:5322: result: .libs
configure:5496: checking for the correct version of gmp.h
configure:5516: gcc  -c -isystem/jenhome/jenkins/jobs/LE910Cx_Multi_DAILY/workspace/build/apps_proc/poky/build/tmp-glibc/sysroots/x86_64-linux/usr/include -O2 -pipe -I/jenhome/jenkins/jobs/LE910Cx_Multi_DAILY/workspace/build/apps_proc/poky/build/tmp-glibc/sysroots/x86_64-linux/usr/include   conftest.c >&5
configure:5516: $? = 0
configure:5534: gcc  -c -isystem/jenhome/jenkins/jobs/LE910Cx_Multi_DAILY/workspace/build/apps_proc/poky/build/tmp-glibc/sysroots/x86_64-linux/usr/include -O2 -pipe -I/jenhome/jenkins/jobs/LE910Cx_Multi_DAILY/workspace/build/apps_proc/poky/build/tmp-glibc/sysroots/x86_64-linux/usr/include   conftest.c >&5
configure:5534: $? = 0
configure:5535: result: yes
configure:5551: checking for the correct version of mpfr.h
configure:5569: gcc  -c -isystem/jenhome/jenkins/jobs/LE910Cx_Multi_DAILY/workspace/build/apps_proc/poky/build/tmp-glibc/sysroots/x86_64-linux/usr/include -O2 -pipe -I/jenhome/jenkins/jobs/LE910Cx_Multi_DAILY/workspace/build/apps_proc/poky/build/tmp-glibc/sysroots/x86_64-linux/usr/include   conftest.c >&5
configure:5569: $? = 0
configure:5586: gcc  -c -isystem/jenhome/jenkins/jobs/LE910Cx_Multi_DAILY/workspace/build/apps_proc/poky/build/tmp-glibc/sysroots/x86_64-linux/usr/include -O2 -pipe -I/jenhome/jenkins/jobs/LE910Cx_Multi_DAILY/workspace/build/apps_proc/poky/build/tmp-glibc/sysroots/x86_64-linux/usr/include   conftest.c >&5
configure:5586: $? = 0
configure:5587: result: yes
configure:5604: checking for the correct version of mpc.h
configure:5621: gcc  -c -isystem/jenhome/jenkins/jobs/LE910Cx_Multi_DAILY/workspace/build/apps_proc/poky/build/tmp-glibc/sysroots/x86_64-linux/usr/include -O2 -pipe -I/jenhome/jenkins/jobs/LE910Cx_Multi_DAILY/workspace/build/apps_proc/poky/build/tmp-glibc/sysroots/x86_64-linux/usr/include   conftest.c >&5
configure:5621: $? = 0
configure:5637: gcc  -c -isystem/jenhome/jenkins/jobs/LE910Cx_Multi_DAILY/workspace/build/apps_proc/poky/build/tmp-glibc/sysroots/x86_64-linux/usr/include -O2 -pipe -I/jenhome/jenkins/jobs/LE910Cx_Multi_DAILY/workspace/build/apps_proc/poky/build/tmp-glibc/sysroots/x86_64-linux/usr/include   conftest.c >&5
configure:5637: $? = 0
configure:5638: result: yes
configure:5656: checking for the correct version of the gmp/mpfr/mpc libraries
configure:5687: gcc  -o conftest -isystem/jenhome/jenkins/jobs/LE910Cx_Multi_DAILY/workspace/build/apps_proc/poky/build/tmp-glibc/sysroots/x86_64-linux/usr/include -O2 -pipe -I/jenhome/jenkins/jobs/LE910Cx_Multi_DAILY/workspace/build/apps_proc/poky/build/tmp-glibc/sysroots/x86_64-linux/usr/include   -L/jenhome/jenkins/jobs/LE910Cx_Multi_DAILY/workspace/build/apps_proc/poky/build/tmp-glibc/sysroots/x86_64-linux/usr/lib -L/jenhome/jenkins/jobs/LE910Cx_Multi_DAILY/workspace/build/apps_proc/poky/build/tmp-glibc/sysroots/x86_64-linux/lib -Wl,-rpath-link,/jenhome/jenkins/jobs/LE910Cx_Multi_DAILY/workspace/build/apps_proc/poky/build/tmp-glibc/sysroots/x86_64-linux/usr/lib -Wl,-rpath-link,/jenhome/jenkins/jobs/LE910Cx_Multi_DAILY/workspace/build/apps_proc/poky/build/tmp-glibc/sysroots/x86_64-linux/lib -Wl,-rpath,/jenhome/jenkins/jobs/LE910Cx_Multi_DAILY/workspace/build/apps_proc/poky/build/tmp-glibc/sysroots/x86_64-linux/usr/lib -Wl,-rpath,/jenhome/jenkins/jobs/LE910Cx_Multi_DAILY/workspace/build/apps_proc/poky/build/tmp-glibc/sysroots/x86_64-linux/lib -Wl,-O1 conftest.c  -L/jenhome/jenkins/jobs/LE910Cx_Multi_DAILY/workspace/build/apps_proc/poky/build/tmp-glibc/sysroots/x86_64-linux/usr/lib -lmpc -lmpfr -lgmp >&5
configure:5687: $? = 0
configure:5688: result: yes
configure:7193: checking for default BUILD_CONFIG
configure:7225: result: 
configure:7230: checking for --enable-vtable-verify
configure:7243: result: no
configure:7832: checking for bison
configure:7848: found /jenhome/jenkins/jobs/LE910Cx_Multi_DAILY/workspace/build/apps_proc/poky/build/tmp-glibc/sysroots/x86_64-linux/usr/bin/bison
configure:7859: result: bison -y
configure:7879: checking for bison
configure:7895: found /jenhome/jenkins/jobs/LE910Cx_Multi_DAILY/workspace/build/apps_proc/poky/build/tmp-glibc/sysroots/x86_64-linux/usr/bin/bison
configure:7906: result: bison
configure:7926: checking for gm4
configure:7956: result: no
configure:7926: checking for gnum4
configure:7956: result: no
configure:7926: checking for m4
configure:7942: found /jenhome/jenkins/jobs/LE910Cx_Multi_DAILY/workspace/build/apps_proc/poky/build/tmp-glibc/sysroots/x86_64-linux/usr/bin/m4
configure:7953: result: m4
configure:7973: checking for flex
configure:7989: found /jenhome/jenkins/jobs/LE910Cx_Multi_DAILY/workspace/build/apps_proc/poky/build/tmp-glibc/sysroots/x86_64-linux/usr/bin/flex
configure:8000: result: flex
configure:8021: checking for flex
configure:8037: found /jenhome/jenkins/jobs/LE910Cx_Multi_DAILY/workspace/build/apps_proc/poky/build/tmp-glibc/sysroots/x86_64-linux/usr/bin/flex
configure:8048: result: flex
configure:8068: checking for makeinfo
configure:8084: found /jenhome/jenkins/jobs/LE910Cx_Multi_DAILY/workspace/build/apps_proc/poky/build/tmp-glibc/sysroots/x86_64-linux/usr/bin/texinfo-dummy-native/makeinfo
configure:8095: result: makeinfo
configure:8129: checking for expect
configure:8159: result: no
configure:8178: checking for runtest
configure:8208: result: no
configure:8242: checking for ar
configure:8269: result: ar
configure:8284: checking for x86_64-linux-ar
configure:8311: result: ar
configure:8383: checking for as
configure:8410: result: as 
configure:8425: checking for x86_64-linux-as
configure:8452: result: as 
configure:8566: checking for x86_64-linux-dlltool
configure:8596: result: no
configure:8605: checking for dlltool
configure:8635: result: no
configure:8665: checking for ld
configure:8692: result: ld 
configure:8707: checking for x86_64-linux-ld
configure:8734: result: ld 
configure:8848: checking for x86_64-linux-lipo
configure:8878: result: no
configure:8887: checking for lipo
configure:8917: result: no
configure:8947: checking for nm
configure:8974: result: nm
configure:8989: checking for x86_64-linux-nm
configure:9016: result: nm
configure:9088: checking for ranlib
configure:9115: result: ranlib
configure:9130: checking for x86_64-linux-ranlib
configure:9157: result: ranlib
configure:9224: checking for strip
configure:9251: result: strip
configure:9266: checking for x86_64-linux-strip
configure:9293: result: strip
configure:9402: checking for x86_64-linux-windres
configure:9432: result: no
configure:9441: checking for windres
configure:9471: result: no
configure:9543: checking for x86_64-linux-windmc
configure:9573: result: no
configure:9582: checking for windmc
configure:9612: result: no
configure:9642: checking for objcopy
configure:9669: result: objcopy
configure:9684: checking for x86_64-linux-objcopy
configure:9711: result: objcopy
configure:9783: checking for objdump
configure:9810: result: objdump
configure:9825: checking for x86_64-linux-objdump
configure:9852: result: objdump
configure:9966: checking for x86_64-linux-readelf
configure:9996: result: no
configure:10005: checking for readelf
configure:10021: found /usr/bin/readelf
configure:10032: result: readelf
configure:10146: checking for arm-oe-linux-gnueabi-cc
configure:10176: result: no
configure:10146: checking for arm-oe-linux-gnueabi-gcc
configure:10176: result: no
configure:10307: checking for arm-oe-linux-gnueabi-c++
configure:10337: result: no
configure:10307: checking for arm-oe-linux-gnueabi-g++
configure:10337: result: no
configure:10307: checking for arm-oe-linux-gnueabi-cxx
configure:10337: result: no
configure:10307: checking for arm-oe-linux-gnueabi-gxx
configure:10337: result: no
configure:10468: checking for arm-oe-linux-gnueabi-gcc
configure:10498: result: no
configure:10624: checking for arm-oe-linux-gnueabi-gcj
configure:10654: result: no
configure:10785: checking for arm-oe-linux-gnueabi-gfortran
configure:10815: result: no
configure:10946: checking for arm-oe-linux-gnueabi-gccgo
configure:10976: result: no
configure:11076: checking for ar
configure:11109: result: no
configure:11187: checking for arm-oe-linux-gnueabi-ar
configure:11203: found /jenhome/jenkins/jobs/LE910Cx_Multi_DAILY/workspace/build/apps_proc/poky/build/tmp-glibc/sysroots/x86_64-linux/usr/bin/arm-oe-linux-gnueabi/arm-oe-linux-gnueabi-ar
configure:11214: result: arm-oe-linux-gnueabi-ar
configure:11306: checking for as
configure:11339: result: no
configure:11417: checking for arm-oe-linux-gnueabi-as
configure:11433: found /jenhome/jenkins/jobs/LE910Cx_Multi_DAILY/workspace/build/apps_proc/poky/build/tmp-glibc/sysroots/x86_64-linux/usr/bin/arm-oe-linux-gnueabi/arm-oe-linux-gnueabi-as
configure:11444: result: arm-oe-linux-gnueabi-as
configure:11536: checking for dlltool
configure:11569: result: no
configure:11647: checking for arm-oe-linux-gnueabi-dlltool
configure:11677: result: no
configure:11766: checking for ld
configure:11799: result: no
configure:11877: checking for arm-oe-linux-gnueabi-ld
configure:11893: found /jenhome/jenkins/jobs/LE910Cx_Multi_DAILY/workspace/build/apps_proc/poky/build/tmp-glibc/sysroots/x86_64-linux/usr/bin/arm-oe-linux-gnueabi/arm-oe-linux-gnueabi-ld
configure:11904: result: arm-oe-linux-gnueabi-ld
configure:11996: checking for lipo
configure:12029: result: no
configure:12107: checking for arm-oe-linux-gnueabi-lipo
configure:12137: result: no
configure:12226: checking for nm
configure:12259: result: no
configure:12337: checking for arm-oe-linux-gnueabi-nm
configure:12353: found /jenhome/jenkins/jobs/LE910Cx_Multi_DAILY/workspace/build/apps_proc/poky/build/tmp-glibc/sysroots/x86_64-linux/usr/bin/arm-oe-linux-gnueabi/arm-oe-linux-gnueabi-nm
configure:12364: result: arm-oe-linux-gnueabi-nm
configure:12456: checking for objdump
configure:12489: result: no
configure:12567: checking for arm-oe-linux-gnueabi-objdump
configure:12583: found /jenhome/jenkins/jobs/LE910Cx_Multi_DAILY/workspace/build/apps_proc/poky/build/tmp-glibc/sysroots/x86_64-linux/usr/bin/arm-oe-linux-gnueabi/arm-oe-linux-gnueabi-objdump
configure:12594: result: arm-oe-linux-gnueabi-objdump
configure:12686: checking for ranlib
configure:12719: result: no
configure:12797: checking for arm-oe-linux-gnueabi-ranlib
configure:12813: found /jenhome/jenkins/jobs/LE910Cx_Multi_DAILY/workspace/build/apps_proc/poky/build/tmp-glibc/sysroots/x86_64-linux/usr/bin/arm-oe-linux-gnueabi/arm-oe-linux-gnueabi-ranlib
configure:12824: result: arm-oe-linux-gnueabi-ranlib
configure:12916: checking for readelf
configure:12949: result: no
configure:13027: checking for arm-oe-linux-gnueabi-readelf
configure:13043: found /jenhome/jenkins/jobs/LE910Cx_Multi_DAILY/workspace/build/apps_proc/poky/build/tmp-glibc/sysroots/x86_64-linux/usr/bin/arm-oe-linux-gnueabi/arm-oe-linux-gnueabi-readelf
configure:13054: result: arm-oe-linux-gnueabi-readelf
configure:13146: checking for strip
configure:13179: result: no
configure:13257: checking for arm-oe-linux-gnueabi-strip
configure:13273: found /jenhome/jenkins/jobs/LE910Cx_Multi_DAILY/workspace/build/apps_proc/poky/build/tmp-glibc/sysroots/x86_64-linux/usr/bin/arm-oe-linux-gnueabi/arm-oe-linux-gnueabi-strip
configure:13284: result: arm-oe-linux-gnueabi-strip
configure:13376: checking for windres
configure:13409: result: no
configure:13487: checking for arm-oe-linux-gnueabi-windres
configure:13517: result: no
configure:13606: checking for windmc
configure:13639: result: no
configure:13717: checking for arm-oe-linux-gnueabi-windmc
configure:13747: result: no
configure:13814: checking where to find the target ar
configure:13851: result: pre-installed
configure:13856: checking where to find the target as
configure:13893: result: pre-installed
configure:13898: checking where to find the target cc
configure:13921: result: just compiled
configure:13940: checking where to find the target c++
configure:13966: result: just compiled
configure:13985: checking where to find the target c++ for libstdc++
configure:14011: result: just compiled
configure:14030: checking where to find the target dlltool
configure:14067: result: pre-installed
configure:14072: checking where to find the target gcc
configure:14095: result: just compiled
configure:14114: checking where to find the target gcj
configure:14154: result: pre-installed
configure:14159: checking where to find the target gfortran
configure:14199: result: pre-installed
configure:14204: checking where to find the target gccgo
configure:14244: result: pre-installed
configure:14249: checking where to find the target ld
configure:14286: result: pre-installed
configure:14291: checking where to find the target lipo
configure:14317: result: pre-installed
configure:14322: checking where to find the target nm
configure:14359: result: pre-installed
configure:14364: checking where to find the target objdump
configure:14401: result: pre-installed
configure:14406: checking where to find the target ranlib
configure:14443: result: pre-installed
configure:14448: checking where to find the target readelf
configure:14485: result: pre-installed
configure:14490: checking where to find the target strip
configure:14527: result: pre-installed
configure:14532: checking where to find the target windres
configure:14569: result: pre-installed
configure:14574: checking where to find the target windmc
configure:14611: result: pre-installed
configure:14644: checking whether to enable maintainer-specific portions of Makefiles
configure:14653: result: no
configure:14874: creating ./config.status

## ---------------------- ##
## Running config.status. ##
## ---------------------- ##

This file was extended by config.status, which was
generated by GNU Autoconf 2.64.  Invocation command line was

  CONFIG_FILES    = 
  CONFIG_HEADERS  = 
  CONFIG_LINKS    = 
  CONFIG_COMMANDS = 
  $ ./config.status 

on srv-krs-jen05

config.status:1064: creating Makefile

## ---------------- ##
## Cache variables. ##
## ---------------- ##

ac_cv_build=x86_64-pc-linux-gnu
ac_cv_c_compiler_gnu=yes
ac_cv_cxx_compiler_gnu=yes
ac_cv_env_AR_FOR_TARGET_set=
ac_cv_env_AR_FOR_TARGET_value=
ac_cv_env_AR_set=set
ac_cv_env_AR_value=ar
ac_cv_env_AS_FOR_TARGET_set=
ac_cv_env_AS_FOR_TARGET_value=
ac_cv_env_AS_set=set
ac_cv_env_AS_value='as '
ac_cv_env_CCC_set=
ac_cv_env_CCC_value=
ac_cv_env_CC_FOR_TARGET_set=
ac_cv_env_CC_FOR_TARGET_value=
ac_cv_env_CC_set=set
ac_cv_env_CC_value='gcc '
ac_cv_env_CFLAGS_set=set
ac_cv_env_CFLAGS_value='-isystem/jenhome/jenkins/jobs/LE910Cx_Multi_DAILY/workspace/build/apps_proc/poky/build/tmp-glibc/sysroots/x86_64-linux/usr/include -O2 -pipe'
ac_cv_env_CPPFLAGS_set=set
ac_cv_env_CPPFLAGS_value=
ac_cv_env_CXXFLAGS_set=set
ac_cv_env_CXXFLAGS_value='-isystem/jenhome/jenkins/jobs/LE910Cx_Multi_DAILY/workspace/build/apps_proc/poky/build/tmp-glibc/sysroots/x86_64-linux/usr/include -O2 -pipe'
ac_cv_env_CXX_FOR_TARGET_set=
ac_cv_env_CXX_FOR_TARGET_value=
ac_cv_env_CXX_set=set
ac_cv_env_CXX_value='g++ '
ac_cv_env_DLLTOOL_FOR_TARGET_set=
ac_cv_env_DLLTOOL_FOR_TARGET_value=
ac_cv_env_DLLTOOL_set=
ac_cv_env_DLLTOOL_value=
ac_cv_env_GCC_FOR_TARGET_set=
ac_cv_env_GCC_FOR_TARGET_value=
ac_cv_env_GCJ_FOR_TARGET_set=
ac_cv_env_GCJ_FOR_TARGET_value=
ac_cv_env_GFORTRAN_FOR_TARGET_set=
ac_cv_env_GFORTRAN_FOR_TARGET_value=
ac_cv_env_GOC_FOR_TARGET_set=
ac_cv_env_GOC_FOR_TARGET_value=
ac_cv_env_LDFLAGS_set=set
ac_cv_env_LDFLAGS_value='-L/jenhome/jenkins/jobs/LE910Cx_Multi_DAILY/workspace/build/apps_proc/poky/build/tmp-glibc/sysroots/x86_64-linux/usr/lib -L/jenhome/jenkins/jobs/LE910Cx_Multi_DAILY/workspace/build/apps_proc/poky/build/tmp-glibc/sysroots/x86_64-linux/lib -Wl,-rpath-link,/jenhome/jenkins/jobs/LE910Cx_Multi_DAILY/workspace/build/apps_proc/poky/build/tmp-glibc/sysroots/x86_64-linux/usr/lib -Wl,-rpath-link,/jenhome/jenkins/jobs/LE910Cx_Multi_DAILY/workspace/build/apps_proc/poky/build/tmp-glibc/sysroots/x86_64-linux/lib -Wl,-rpath,/jenhome/jenkins/jobs/LE910Cx_Multi_DAILY/workspace/build/apps_proc/poky/build/tmp-glibc/sysroots/x86_64-linux/usr/lib -Wl,-rpath,/jenhome/jenkins/jobs/LE910Cx_Multi_DAILY/workspace/build/apps_proc/poky/build/tmp-glibc/sysroots/x86_64-linux/lib -Wl,-O1'
ac_cv_env_LD_FOR_TARGET_set=
ac_cv_env_LD_FOR_TARGET_value=
ac_cv_env_LD_set=set
ac_cv_env_LD_value='ld '
ac_cv_env_LIBS_set=
ac_cv_env_LIBS_value=
ac_cv_env_LIPO_FOR_TARGET_set=
ac_cv_env_LIPO_FOR_TARGET_value=
ac_cv_env_LIPO_set=
ac_cv_env_LIPO_value=
ac_cv_env_NM_FOR_TARGET_set=
ac_cv_env_NM_FOR_TARGET_value=
ac_cv_env_NM_set=set
ac_cv_env_NM_value=nm
ac_cv_env_OBJCOPY_set=set
ac_cv_env_OBJCOPY_value=objcopy
ac_cv_env_OBJDUMP_FOR_TARGET_set=
ac_cv_env_OBJDUMP_FOR_TARGET_value=
ac_cv_env_OBJDUMP_set=set
ac_cv_env_OBJDUMP_value=objdump
ac_cv_env_RANLIB_FOR_TARGET_set=
ac_cv_env_RANLIB_FOR_TARGET_value=
ac_cv_env_RANLIB_set=set
ac_cv_env_RANLIB_value=ranlib
ac_cv_env_READELF_FOR_TARGET_set=
ac_cv_env_READELF_FOR_TARGET_value=
ac_cv_env_READELF_set=
ac_cv_env_READELF_value=
ac_cv_env_STRIP_FOR_TARGET_set=
ac_cv_env_STRIP_FOR_TARGET_value=
ac_cv_env_STRIP_set=set
ac_cv_env_STRIP_value=strip
ac_cv_env_WINDMC_FOR_TARGET_set=
ac_cv_env_WINDMC_FOR_TARGET_value=
ac_cv_env_WINDMC_set=
ac_cv_env_WINDMC_value=
ac_cv_env_WINDRES_FOR_TARGET_set=
ac_cv_env_WINDRES_FOR_TARGET_value=
ac_cv_env_WINDRES_set=
ac_cv_env_WINDRES_value=
ac_cv_env_build_alias_set=set
ac_cv_env_build_alias_value=x86_64-linux
ac_cv_env_build_configargs_set=
ac_cv_env_build_configargs_value=
ac_cv_env_host_alias_set=set
ac_cv_env_host_alias_value=x86_64-linux
ac_cv_env_host_configargs_set=
ac_cv_env_host_configargs_value=
ac_cv_env_target_alias_set=set
ac_cv_env_target_alias_value=arm-oe-linux-gnueabi
ac_cv_env_target_configargs_set=
ac_cv_env_target_configargs_value=
ac_cv_host=x86_64-pc-linux-gnu
ac_cv_objext=o
ac_cv_path_SED=/bin/sed
ac_cv_path_install='/usr/bin/install -c'
ac_cv_prog_AR=ar
ac_cv_prog_AR_FOR_TARGET=arm-oe-linux-gnueabi-ar
ac_cv_prog_AS='as '
ac_cv_prog_AS_FOR_TARGET=arm-oe-linux-gnueabi-as
ac_cv_prog_AWK=gawk
ac_cv_prog_BISON=bison
ac_cv_prog_CC='gcc '
ac_cv_prog_FLEX=flex
ac_cv_prog_LD='ld '
ac_cv_prog_LD_FOR_TARGET=arm-oe-linux-gnueabi-ld
ac_cv_prog_LEX=flex
ac_cv_prog_M4=m4
ac_cv_prog_MAKEINFO=makeinfo
ac_cv_prog_NM=nm
ac_cv_prog_NM_FOR_TARGET=arm-oe-linux-gnueabi-nm
ac_cv_prog_OBJCOPY=objcopy
ac_cv_prog_OBJDUMP=objdump
ac_cv_prog_OBJDUMP_FOR_TARGET=arm-oe-linux-gnueabi-objdump
ac_cv_prog_RANLIB=ranlib
ac_cv_prog_RANLIB_FOR_TARGET=arm-oe-linux-gnueabi-ranlib
ac_cv_prog_READELF=readelf
ac_cv_prog_READELF_FOR_TARGET=arm-oe-linux-gnueabi-readelf
ac_cv_prog_STRIP=strip
ac_cv_prog_STRIP_FOR_TARGET=arm-oe-linux-gnueabi-strip
ac_cv_prog_YACC='bison -y'
ac_cv_prog_cc_c89=
ac_cv_prog_cc_g=yes
ac_cv_prog_cxx_g=yes
ac_cv_target=arm-oe-linux-gnueabi
acx_cv_cc_gcc_supports_ada=no
acx_cv_prog_LN=ln
gcc_cv_collect2_libs='none required'
gcc_cv_prog_cmp_skip='cmp --ignore-initial=16 $$f1 $$f2'
gcc_cv_tool_dirs=/jenhome/jenkins/jobs/LE910Cx_Multi_DAILY/workspace/build/apps_proc/poky/build/tmp-glibc/sysroots/x86_64-linux/usr/libexec/gcc/arm-oe-linux-gnueabi/4.9.3:/jenhome/jenkins/jobs/LE910Cx_Multi_DAILY/workspace/build/apps_proc/poky/build/tmp-glibc/sysroots/x86_64-linux/usr/libexec/gcc/arm-oe-linux-gnueabi:/usr/lib/gcc/arm-oe-linux-gnueabi/4.9.3:/usr/lib/gcc/arm-oe-linux-gnueabi:/jenhome/jenkins/jobs/LE910Cx_Multi_DAILY/workspace/build/apps_proc/poky/build/tmp-glibc/sysroots/x86_64-linux/usr/arm-oe-linux-gnueabi/bin/arm-oe-linux-gnueabi/4.9.3:/jenhome/jenkins/jobs/LE910Cx_Multi_DAILY/workspace/build/apps_proc/poky/build/tmp-glibc/sysroots/x86_64-linux/usr/arm-oe-linux-gnueabi/bin:
gcc_cv_tool_prefix=/jenhome/jenkins/jobs/LE910Cx_Multi_DAILY/workspace/build/apps_proc/poky/build/tmp-glibc/sysroots/x86_64-linux/usr
lt_cv_objdir=.libs
lt_cv_sys_lib_dlsearch_path_spec='/jenhome/jenkins/jobs/LE910Cx_Multi_DAILY/workspace/build/apps_proc/poky/build/tmp-glibc/sysroots/x86_64-linux/usr/lib/arm-oe-linux-gnueabi /jenhome/jenkins/jobs/LE910Cx_Multi_DAILY/workspace/build/apps_proc/poky/build/tmp-glibc/sysroots/x86_64-linux/lib'

## ----------------- ##
## Output variables. ##
## ----------------- ##

AR='ar'
AR_FOR_BUILD='$(AR)'
AR_FOR_TARGET='arm-oe-linux-gnueabi-ar'
AS='as '
AS_FOR_BUILD='$(AS)'
AS_FOR_TARGET='arm-oe-linux-gnueabi-as'
AWK='gawk'
BISON='bison'
BUILD_CONFIG=''
CC='gcc '
CC_FOR_BUILD='$(CC)'
CC_FOR_TARGET='$$r/$(HOST_SUBDIR)/gcc/xgcc -B$$r/$(HOST_SUBDIR)/gcc/'
CFLAGS='-isystem/jenhome/jenkins/jobs/LE910Cx_Multi_DAILY/workspace/build/apps_proc/poky/build/tmp-glibc/sysroots/x86_64-linux/usr/include -O2 -pipe'
CFLAGS_FOR_BUILD='-isystem/jenhome/jenkins/jobs/LE910Cx_Multi_DAILY/workspace/build/apps_proc/poky/build/tmp-glibc/sysroots/x86_64-linux/usr/include -O2 -pipe'
CFLAGS_FOR_TARGET=' -O2 -fexpensive-optimizations -frename-registers -fomit-frame-pointer -ftree-vectorize   -Wno-error=maybe-uninitialized -finline-functions -finline-limit=64  -fstack-protector-strong -pie -fpie -Wa,--noexecstack'
COMPILER_AS_FOR_TARGET='$$r/$(HOST_SUBDIR)/gcc/as'
COMPILER_LD_FOR_TARGET='$$r/$(HOST_SUBDIR)/gcc/collect-ld'
COMPILER_NM_FOR_TARGET='$$r/$(HOST_SUBDIR)/gcc/nm'
CONFIGURE_GDB_TK=''
CPPFLAGS=''
CXX='g++ '
CXXFLAGS='-isystem/jenhome/jenkins/jobs/LE910Cx_Multi_DAILY/workspace/build/apps_proc/poky/build/tmp-glibc/sysroots/x86_64-linux/usr/include -O2 -pipe'
CXXFLAGS_FOR_BUILD='-isystem/jenhome/jenkins/jobs/LE910Cx_Multi_DAILY/workspace/build/apps_proc/poky/build/tmp-glibc/sysroots/x86_64-linux/usr/include -O2 -pipe'
CXXFLAGS_FOR_TARGET=' -O2 -fexpensive-optimizations -frename-registers -fomit-frame-pointer -ftree-vectorize   -Wno-error=maybe-uninitialized -finline-functions -finline-limit=64  -fstack-protector-strong -pie -fpie -Wa,--noexecstack'
CXX_FOR_BUILD='$(CXX)'
CXX_FOR_TARGET='$$r/$(HOST_SUBDIR)/gcc/xg++ -B$$r/$(HOST_SUBDIR)/gcc/ -nostdinc++ `if test -f $$r/$(TARGET_SUBDIR)/libstdc++-v3/scripts/testsuite_flags; then $(SHELL) $$r/$(TARGET_SUBDIR)/libstdc++-v3/scripts/testsuite_flags --build-includes; else echo -funconfigured-libstdc++-v3 ; fi` -L$$r/$(TARGET_SUBDIR)/libstdc++-v3/src -L$$r/$(TARGET_SUBDIR)/libstdc++-v3/src/.libs -L$$r/$(TARGET_SUBDIR)/libstdc++-v3/libsupc++/.libs'
DEBUG_PREFIX_CFLAGS_FOR_TARGET=''
DEFS='-DPACKAGE_NAME=\"\" -DPACKAGE_TARNAME=\"\" -DPACKAGE_VERSION=\"\" -DPACKAGE_STRING=\"\" -DPACKAGE_BUGREPORT=\"\" -DPACKAGE_URL=\"\" -DLT_OBJDIR=\".libs/\"'
DLLTOOL='dlltool'
DLLTOOL_FOR_BUILD='$(DLLTOOL)'
DLLTOOL_FOR_TARGET='arm-oe-linux-gnueabi-dlltool'
ECHO_C=''
ECHO_N='-n'
ECHO_T=''
EXEEXT=''
EXPECT='expect'
EXTRA_CONFIGARGS_LIBJAVA='--disable-static'
FLAGS_FOR_TARGET=' -B$(build_tooldir)/bin/ -B$(build_tooldir)/lib/ -isystem $(build_tooldir)/include -isystem $(build_tooldir)/sys-include'
FLEX='flex'
GCC_FOR_TARGET='$$r/$(HOST_SUBDIR)/gcc/xgcc -B$$r/$(HOST_SUBDIR)/gcc/'
GCC_SHLIB_SUBDIR=''
GCJ_FOR_BUILD='$(GCJ)'
GCJ_FOR_TARGET='arm-oe-linux-gnueabi-gcj'
GDB_TK=''
GFORTRAN_FOR_BUILD='$(GFORTRAN)'
GFORTRAN_FOR_TARGET='arm-oe-linux-gnueabi-gfortran'
GNATBIND='no'
GNATMAKE='no'
GOC_FOR_BUILD='$(GOC)'
GOC_FOR_TARGET='arm-oe-linux-gnueabi-gccgo'
INSTALL_DATA='${INSTALL} -m 644'
INSTALL_GDB_TK=''
INSTALL_PROGRAM='${INSTALL}'
INSTALL_SCRIPT='${INSTALL}'
LD='ld '
LDFLAGS='-L/jenhome/jenkins/jobs/LE910Cx_Multi_DAILY/workspace/build/apps_proc/poky/build/tmp-glibc/sysroots/x86_64-linux/usr/lib -L/jenhome/jenkins/jobs/LE910Cx_Multi_DAILY/workspace/build/apps_proc/poky/build/tmp-glibc/sysroots/x86_64-linux/lib -Wl,-rpath-link,/jenhome/jenkins/jobs/LE910Cx_Multi_DAILY/workspace/build/apps_proc/poky/build/tmp-glibc/sysroots/x86_64-linux/usr/lib -Wl,-rpath-link,/jenhome/jenkins/jobs/LE910Cx_Multi_DAILY/workspace/build/apps_proc/poky/build/tmp-glibc/sysroots/x86_64-linux/lib -Wl,-rpath,/jenhome/jenkins/jobs/LE910Cx_Multi_DAILY/workspace/build/apps_proc/poky/build/tmp-glibc/sysroots/x86_64-linux/usr/lib -Wl,-rpath,/jenhome/jenkins/jobs/LE910Cx_Multi_DAILY/workspace/build/apps_proc/poky/build/tmp-glibc/sysroots/x86_64-linux/lib -Wl,-O1'
LDFLAGS_FOR_BUILD='-L/jenhome/jenkins/jobs/LE910Cx_Multi_DAILY/workspace/build/apps_proc/poky/build/tmp-glibc/sysroots/x86_64-linux/usr/lib -L/jenhome/jenkins/jobs/LE910Cx_Multi_DAILY/workspace/build/apps_proc/poky/build/tmp-glibc/sysroots/x86_64-linux/lib -Wl,-rpath-link,/jenhome/jenkins/jobs/LE910Cx_Multi_DAILY/workspace/build/apps_proc/poky/build/tmp-glibc/sysroots/x86_64-linux/usr/lib -Wl,-rpath-link,/jenhome/jenkins/jobs/LE910Cx_Multi_DAILY/workspace/build/apps_proc/poky/build/tmp-glibc/sysroots/x86_64-linux/lib -Wl,-rpath,/jenhome/jenkins/jobs/LE910Cx_Multi_DAILY/workspace/build/apps_proc/poky/build/tmp-glibc/sysroots/x86_64-linux/usr/lib -Wl,-rpath,/jenhome/jenkins/jobs/LE910Cx_Multi_DAILY/workspace/build/apps_proc/poky/build/tmp-glibc/sysroots/x86_64-linux/lib -Wl,-O1'
LDFLAGS_FOR_TARGET='-Wl,-O1 -Wl,--hash-style=gnu -Wl,--as-needed -Wl,-z,relro,-z,now,-z,noexecstack'
LD_FOR_BUILD='$(LD)'
LD_FOR_TARGET='arm-oe-linux-gnueabi-ld'
LEX='flex'
LIBOBJS=''
LIBS=''
LIPO='lipo'
LIPO_FOR_TARGET='arm-oe-linux-gnueabi-lipo'
LN='ln'
LN_S='ln -s'
LTLIBOBJS=''
M4='m4'
MAINT='#'
MAINTAINER_MODE_FALSE=''
MAINTAINER_MODE_TRUE='#'
MAKEINFO='makeinfo'
NM='nm'
NM_FOR_BUILD='$(NM)'
NM_FOR_TARGET='arm-oe-linux-gnueabi-nm'
OBJCOPY='objcopy'
OBJDUMP='objdump'
OBJDUMP_FOR_TARGET='arm-oe-linux-gnueabi-objdump'
OBJEXT='o'
PACKAGE_BUGREPORT=''
PACKAGE_NAME=''
PACKAGE_STRING=''
PACKAGE_TARNAME=''
PACKAGE_URL=''
PACKAGE_VERSION=''
PATH_SEPARATOR=':'
RANLIB='ranlib'
RANLIB_FOR_BUILD='$(RANLIB)'
RANLIB_FOR_TARGET='arm-oe-linux-gnueabi-ranlib'
RAW_CXX_FOR_TARGET='$$r/$(HOST_SUBDIR)/gcc/xgcc -shared-libgcc -B$$r/$(HOST_SUBDIR)/gcc -nostdinc++ -L$$r/$(TARGET_SUBDIR)/libstdc++-v3/src -L$$r/$(TARGET_SUBDIR)/libstdc++-v3/src/.libs -L$$r/$(TARGET_SUBDIR)/libstdc++-v3/libsupc++/.libs'
READELF='readelf'
READELF_FOR_TARGET='arm-oe-linux-gnueabi-readelf'
RPATH_ENVVAR='LD_LIBRARY_PATH'
RUNTEST='runtest'
SED='/bin/sed'
SHELL='/bin/sh'
STRIP='strip'
STRIP_FOR_TARGET='arm-oe-linux-gnueabi-strip'
SYSROOT_CFLAGS_FOR_TARGET='--sysroot=/jenhome/jenkins/jobs/LE910Cx_Multi_DAILY/workspace/build/apps_proc/poky/build/tmp-glibc/sysroots/mdm9607'
TOPLEVEL_CONFIGURE_ARGUMENTS='/jenhome/jenkins/jobs/LE910Cx_Multi_DAILY/workspace/build/apps_proc/poky/build/tmp-glibc/work-shared/gcc-4.9.3-r0/gcc-4.9.3/configure --build=x86_64-linux --host=x86_64-linux --target=arm-oe-linux-gnueabi --prefix=/jenhome/jenkins/jobs/LE910Cx_Multi_DAILY/workspace/build/apps_proc/poky/build/tmp-glibc/sysroots/x86_64-linux/usr --exec_prefix=/jenhome/jenkins/jobs/LE910Cx_Multi_DAILY/workspace/build/apps_proc/poky/build/tmp-glibc/sysroots/x86_64-linux/usr --bindir=/jenhome/jenkins/jobs/LE910Cx_Multi_DAILY/workspace/build/apps_proc/poky/build/tmp-glibc/sysroots/x86_64-linux/usr/bin/arm-oe-linux-gnueabi --sbindir=/jenhome/jenkins/jobs/LE910Cx_Multi_DAILY/workspace/build/apps_proc/poky/build/tmp-glibc/sysroots/x86_64-linux/usr/bin/arm-oe-linux-gnueabi --libexecdir=/jenhome/jenkins/jobs/LE910Cx_Multi_DAILY/workspace/build/apps_proc/poky/build/tmp-glibc/sysroots/x86_64-linux/usr/libexec/arm-oe-linux-gnueabi --datadir=/jenhome/jenkins/jobs/LE910Cx_Multi_DAILY/workspace/build/apps_proc/poky/build/tmp-glibc/sysroots/x86_64-linux/usr/share --sysconfdir=/jenhome/jenkins/jobs/LE910Cx_Multi_DAILY/workspace/build/apps_proc/poky/build/tmp-glibc/sysroots/x86_64-linux/etc --sharedstatedir=/jenhome/jenkins/jobs/LE910Cx_Multi_DAILY/workspace/build/apps_proc/poky/build/tmp-glibc/sysroots/x86_64-linux/com --localstatedir=/jenhome/jenkins/jobs/LE910Cx_Multi_DAILY/workspace/build/apps_proc/poky/build/tmp-glibc/sysroots/x86_64-linux/var --libdir=/jenhome/jenkins/jobs/LE910Cx_Multi_DAILY/workspace/build/apps_proc/poky/build/tmp-glibc/sysroots/x86_64-linux/usr/lib/arm-oe-linux-gnueabi --includedir=/jenhome/jenkins/jobs/LE910Cx_Multi_DAILY/workspace/build/apps_proc/poky/build/tmp-glibc/sysroots/x86_64-linux/usr/include --oldincludedir=/jenhome/jenkins/jobs/LE910Cx_Multi_DAILY/workspace/build/apps_proc/poky/build/tmp-glibc/sysroots/x86_64-linux/usr/include --infodir=/jenhome/jenkins/jobs/LE910Cx_Multi_DAILY/workspace/build/apps_proc/poky/build/tmp-glibc/sysroots/x86_64-linux/usr/share/info --mandir=/jenhome/jenkins/jobs/LE910Cx_Multi_DAILY/workspace/build/apps_proc/poky/build/tmp-glibc/sysroots/x86_64-linux/usr/share/man --disable-silent-rules --disable-dependency-tracking --with-libtool-sysroot=/jenhome/jenkins/jobs/LE910Cx_Multi_DAILY/workspace/build/apps_proc/poky/build/tmp-glibc/sysroots/x86_64-linux --enable-clocale=generic --with-gnu-ld --enable-shared --enable-languages=c,c++ --enable-threads=posix --disable-multilib --enable-c99 --enable-long-long --enable-symvers=gnu --enable-libstdcxx-pch --program-prefix=arm-oe-linux-gnueabi- --without-local-prefix --enable-target-optspace --enable-lto --enable-libssp --disable-bootstrap --disable-libmudflap --with-system-zlib --with-linker-hash-style=gnu --enable-linker-build-id --with-ppl=no --with-cloog=no --enable-checking=release --enable-cheaders=c_global --with-gxx-include-dir=/not/exist/usr/include/c++/4.9.3 --with-sysroot=/not/exist --with-build-sysroot=/jenhome/jenkins/jobs/LE910Cx_Multi_DAILY/workspace/build/apps_proc/poky/build/tmp-glibc/sysroots/mdm9607 --enable-poison-system-directories --with-mpfr=/jenhome/jenkins/jobs/LE910Cx_Multi_DAILY/workspace/build/apps_proc/poky/build/tmp-glibc/sysroots/x86_64-linux/usr --with-system-zlib --disable-nls --with-arch=armv7-a'
WINDMC='windmc'
WINDMC_FOR_BUILD='$(WINDMC)'
WINDMC_FOR_TARGET='arm-oe-linux-gnueabi-windmc'
WINDRES='windres'
WINDRES_FOR_BUILD='$(WINDRES)'
WINDRES_FOR_TARGET='arm-oe-linux-gnueabi-windres'
YACC='bison -y'
ac_ct_CC=''
ac_ct_CXX=''
bindir='/jenhome/jenkins/jobs/LE910Cx_Multi_DAILY/workspace/build/apps_proc/poky/build/tmp-glibc/sysroots/x86_64-linux/usr/bin/arm-oe-linux-gnueabi'
build='x86_64-pc-linux-gnu'
build_alias='x86_64-linux'
build_configargs=' --cache-file=../config.cache '\''--prefix=/jenhome/jenkins/jobs/LE910Cx_Multi_DAILY/workspace/build/apps_proc/poky/build/tmp-glibc/sysroots/x86_64-linux/usr'\'' '\''--exec_prefix=/jenhome/jenkins/jobs/LE910Cx_Multi_DAILY/workspace/build/apps_proc/poky/build/tmp-glibc/sysroots/x86_64-linux/usr'\'' '\''--bindir=/jenhome/jenkins/jobs/LE910Cx_Multi_DAILY/workspace/build/apps_proc/poky/build/tmp-glibc/sysroots/x86_64-linux/usr/bin/arm-oe-linux-gnueabi'\'' '\''--sbindir=/jenhome/jenkins/jobs/LE910Cx_Multi_DAILY/workspace/build/apps_proc/poky/build/tmp-glibc/sysroots/x86_64-linux/usr/bin/arm-oe-linux-gnueabi'\'' '\''--libexecdir=/jenhome/jenkins/jobs/LE910Cx_Multi_DAILY/workspace/build/apps_proc/poky/build/tmp-glibc/sysroots/x86_64-linux/usr/libexec/arm-oe-linux-gnueabi'\'' '\''--datadir=/jenhome/jenkins/jobs/LE910Cx_Multi_DAILY/workspace/build/apps_proc/poky/build/tmp-glibc/sysroots/x86_64-linux/usr/share'\'' '\''--sysconfdir=/jenhome/jenkins/jobs/LE910Cx_Multi_DAILY/workspace/build/apps_proc/poky/build/tmp-glibc/sysroots/x86_64-linux/etc'\'' '\''--sharedstatedir=/jenhome/jenkins/jobs/LE910Cx_Multi_DAILY/workspace/build/apps_proc/poky/build/tmp-glibc/sysroots/x86_64-linux/com'\'' '\''--localstatedir=/jenhome/jenkins/jobs/LE910Cx_Multi_DAILY/workspace/build/apps_proc/poky/build/tmp-glibc/sysroots/x86_64-linux/var'\'' '\''--libdir=/jenhome/jenkins/jobs/LE910Cx_Multi_DAILY/workspace/build/apps_proc/poky/build/tmp-glibc/sysroots/x86_64-linux/usr/lib/arm-oe-linux-gnueabi'\'' '\''--includedir=/jenhome/jenkins/jobs/LE910Cx_Multi_DAILY/workspace/build/apps_proc/poky/build/tmp-glibc/sysroots/x86_64-linux/usr/include'\'' '\''--oldincludedir=/jenhome/jenkins/jobs/LE910Cx_Multi_DAILY/workspace/build/apps_proc/poky/build/tmp-glibc/sysroots/x86_64-linux/usr/include'\'' '\''--infodir=/jenhome/jenkins/jobs/LE910Cx_Multi_DAILY/workspace/build/apps_proc/poky/build/tmp-glibc/sysroots/x86_64-linux/usr/share/info'\'' '\''--mandir=/jenhome/jenkins/jobs/LE910Cx_Multi_DAILY/workspace/build/apps_proc/poky/build/tmp-glibc/sysroots/x86_64-linux/usr/share/man'\'' '\''--disable-silent-rules'\'' '\''--disable-dependency-tracking'\'' '\''--with-libtool-sysroot=/jenhome/jenkins/jobs/LE910Cx_Multi_DAILY/workspace/build/apps_proc/poky/build/tmp-glibc/sysroots/x86_64-linux'\'' '\''--enable-clocale=generic'\'' '\''--with-gnu-ld'\'' '\''--enable-shared'\'' '\''--enable-threads=posix'\'' '\''--disable-multilib'\'' '\''--enable-c99'\'' '\''--enable-long-long'\'' '\''--enable-symvers=gnu'\'' '\''--enable-libstdcxx-pch'\'' '\''--without-local-prefix'\'' '\''--enable-target-optspace'\'' '\''--enable-lto'\'' '\''--enable-libssp'\'' '\''--disable-bootstrap'\'' '\''--disable-libmudflap'\'' '\''--with-linker-hash-style=gnu'\'' '\''--enable-linker-build-id'\'' '\''--with-ppl=no'\'' '\''--with-cloog=no'\'' '\''--enable-checking=release'\'' '\''--enable-cheaders=c_global'\'' '\''--with-gxx-include-dir=/not/exist/usr/include/c++/4.9.3'\'' '\''--with-sysroot=/not/exist'\'' '\''--with-build-sysroot=/jenhome/jenkins/jobs/LE910Cx_Multi_DAILY/workspace/build/apps_proc/poky/build/tmp-glibc/sysroots/mdm9607'\'' '\''--enable-poison-system-directories'\'' '\''--with-mpfr=/jenhome/jenkins/jobs/LE910Cx_Multi_DAILY/workspace/build/apps_proc/poky/build/tmp-glibc/sysroots/x86_64-linux/usr'\'' '\''--with-system-zlib'\'' '\''--disable-nls'\'' '\''--with-arch=armv7-a'\'' '\''--enable-languages=c,c++,lto'\'' --program-transform-name='\''s&^&arm-oe-linux-gnueabi-&'\'' --disable-option-checking'
build_configdirs=' libiberty fixincludes'
build_cpu='x86_64'
build_libsubdir='build-x86_64-linux'
build_noncanonical='x86_64-linux'
build_os='linux-gnu'
build_subdir='build-x86_64-linux'
build_tooldir='${exec_prefix}/arm-oe-linux-gnueabi'
build_vendor='pc'
clooginc=''
clooglibs=''
compare_exclusions='gcc/cc*-checksum$(objext) | gcc/ada/*tools/*'
configdirs=' intl libiberty libbacktrace libcpp libdecnumber fixincludes gcc lto-plugin'
datadir='/jenhome/jenkins/jobs/LE910Cx_Multi_DAILY/workspace/build/apps_proc/poky/build/tmp-glibc/sysroots/x86_64-linux/usr/share'
datarootdir='${prefix}/share'
do_compare='cmp --ignore-initial=16 $$f1 $$f2'
docdir='${datarootdir}/doc/${PACKAGE}'
dvidir='${docdir}'
exec_prefix='/jenhome/jenkins/jobs/LE910Cx_Multi_DAILY/workspace/build/apps_proc/poky/build/tmp-glibc/sysroots/x86_64-linux/usr'
extra_host_libiberty_configure_flags='--enable-shared'
extra_isl_gmp_configure_flags=''
extra_mpc_gmp_configure_flags=''
extra_mpc_mpfr_configure_flags=''
extra_mpfr_configure_flags=''
gmpinc='-I/jenhome/jenkins/jobs/LE910Cx_Multi_DAILY/workspace/build/apps_proc/poky/build/tmp-glibc/sysroots/x86_64-linux/usr/include '
gmplibs='-L/jenhome/jenkins/jobs/LE910Cx_Multi_DAILY/workspace/build/apps_proc/poky/build/tmp-glibc/sysroots/x86_64-linux/usr/lib -lmpc -lmpfr -lgmp'
host='x86_64-pc-linux-gnu'
host_alias='x86_64-linux'
host_configargs=' --cache-file=./config.cache  --with-system-zlib '\''--prefix=/jenhome/jenkins/jobs/LE910Cx_Multi_DAILY/workspace/build/apps_proc/poky/build/tmp-glibc/sysroots/x86_64-linux/usr'\'' '\''--exec_prefix=/jenhome/jenkins/jobs/LE910Cx_Multi_DAILY/workspace/build/apps_proc/poky/build/tmp-glibc/sysroots/x86_64-linux/usr'\'' '\''--bindir=/jenhome/jenkins/jobs/LE910Cx_Multi_DAILY/workspace/build/apps_proc/poky/build/tmp-glibc/sysroots/x86_64-linux/usr/bin/arm-oe-linux-gnueabi'\'' '\''--sbindir=/jenhome/jenkins/jobs/LE910Cx_Multi_DAILY/workspace/build/apps_proc/poky/build/tmp-glibc/sysroots/x86_64-linux/usr/bin/arm-oe-linux-gnueabi'\'' '\''--libexecdir=/jenhome/jenkins/jobs/LE910Cx_Multi_DAILY/workspace/build/apps_proc/poky/build/tmp-glibc/sysroots/x86_64-linux/usr/libexec/arm-oe-linux-gnueabi'\'' '\''--datadir=/jenhome/jenkins/jobs/LE910Cx_Multi_DAILY/workspace/build/apps_proc/poky/build/tmp-glibc/sysroots/x86_64-linux/usr/share'\'' '\''--sysconfdir=/jenhome/jenkins/jobs/LE910Cx_Multi_DAILY/workspace/build/apps_proc/poky/build/tmp-glibc/sysroots/x86_64-linux/etc'\'' '\''--sharedstatedir=/jenhome/jenkins/jobs/LE910Cx_Multi_DAILY/workspace/build/apps_proc/poky/build/tmp-glibc/sysroots/x86_64-linux/com'\'' '\''--localstatedir=/jenhome/jenkins/jobs/LE910Cx_Multi_DAILY/workspace/build/apps_proc/poky/build/tmp-glibc/sysroots/x86_64-linux/var'\'' '\''--libdir=/jenhome/jenkins/jobs/LE910Cx_Multi_DAILY/workspace/build/apps_proc/poky/build/tmp-glibc/sysroots/x86_64-linux/usr/lib/arm-oe-linux-gnueabi'\'' '\''--includedir=/jenhome/jenkins/jobs/LE910Cx_Multi_DAILY/workspace/build/apps_proc/poky/build/tmp-glibc/sysroots/x86_64-linux/usr/include'\'' '\''--oldincludedir=/jenhome/jenkins/jobs/LE910Cx_Multi_DAILY/workspace/build/apps_proc/poky/build/tmp-glibc/sysroots/x86_64-linux/usr/include'\'' '\''--infodir=/jenhome/jenkins/jobs/LE910Cx_Multi_DAILY/workspace/build/apps_proc/poky/build/tmp-glibc/sysroots/x86_64-linux/usr/share/info'\'' '\''--mandir=/jenhome/jenkins/jobs/LE910Cx_Multi_DAILY/workspace/build/apps_proc/poky/build/tmp-glibc/sysroots/x86_64-linux/usr/share/man'\'' '\''--disable-silent-rules'\'' '\''--disable-dependency-tracking'\'' '\''--with-libtool-sysroot=/jenhome/jenkins/jobs/LE910Cx_Multi_DAILY/workspace/build/apps_proc/poky/build/tmp-glibc/sysroots/x86_64-linux'\'' '\''--enable-clocale=generic'\'' '\''--with-gnu-ld'\'' '\''--enable-shared'\'' '\''--enable-threads=posix'\'' '\''--disable-multilib'\'' '\''--enable-c99'\'' '\''--enable-long-long'\'' '\''--enable-symvers=gnu'\'' '\''--enable-libstdcxx-pch'\'' '\''--without-local-prefix'\'' '\''--enable-target-optspace'\'' '\''--enable-lto'\'' '\''--enable-libssp'\'' '\''--disable-bootstrap'\'' '\''--disable-libmudflap'\'' '\''--with-linker-hash-style=gnu'\'' '\''--enable-linker-build-id'\'' '\''--with-ppl=no'\'' '\''--with-cloog=no'\'' '\''--enable-checking=release'\'' '\''--enable-cheaders=c_global'\'' '\''--with-gxx-include-dir=/not/exist/usr/include/c++/4.9.3'\'' '\''--with-sysroot=/not/exist'\'' '\''--with-build-sysroot=/jenhome/jenkins/jobs/LE910Cx_Multi_DAILY/workspace/build/apps_proc/poky/build/tmp-glibc/sysroots/mdm9607'\'' '\''--enable-poison-system-directories'\'' '\''--with-mpfr=/jenhome/jenkins/jobs/LE910Cx_Multi_DAILY/workspace/build/apps_proc/poky/build/tmp-glibc/sysroots/x86_64-linux/usr'\'' '\''--with-system-zlib'\'' '\''--disable-nls'\'' '\''--with-arch=armv7-a'\'' '\''--enable-languages=c,c++,lto'\'' --program-transform-name='\''s&^&arm-oe-linux-gnueabi-&'\'' --disable-option-checking'
host_cpu='x86_64'
host_noncanonical='x86_64-linux'
host_os='linux-gnu'
host_shared='no'
host_subdir='.'
host_vendor='pc'
htmldir='${docdir}'
includedir='/jenhome/jenkins/jobs/LE910Cx_Multi_DAILY/workspace/build/apps_proc/poky/build/tmp-glibc/sysroots/x86_64-linux/usr/include'
infodir='/jenhome/jenkins/jobs/LE910Cx_Multi_DAILY/workspace/build/apps_proc/poky/build/tmp-glibc/sysroots/x86_64-linux/usr/share/info'
islinc=''
libdir='/jenhome/jenkins/jobs/LE910Cx_Multi_DAILY/workspace/build/apps_proc/poky/build/tmp-glibc/sysroots/x86_64-linux/usr/lib/arm-oe-linux-gnueabi'
libexecdir='/jenhome/jenkins/jobs/LE910Cx_Multi_DAILY/workspace/build/apps_proc/poky/build/tmp-glibc/sysroots/x86_64-linux/usr/libexec/arm-oe-linux-gnueabi'
localedir='${datarootdir}/locale'
localstatedir='/jenhome/jenkins/jobs/LE910Cx_Multi_DAILY/workspace/build/apps_proc/poky/build/tmp-glibc/sysroots/x86_64-linux/var'
mandir='/jenhome/jenkins/jobs/LE910Cx_Multi_DAILY/workspace/build/apps_proc/poky/build/tmp-glibc/sysroots/x86_64-linux/usr/share/man'
oldincludedir='/jenhome/jenkins/jobs/LE910Cx_Multi_DAILY/workspace/build/apps_proc/poky/build/tmp-glibc/sysroots/x86_64-linux/usr/include'
pdfdir='${docdir}'
poststage1_ldflags='-static-libstdc++ -static-libgcc'
poststage1_libs=''
prefix='/jenhome/jenkins/jobs/LE910Cx_Multi_DAILY/workspace/build/apps_proc/poky/build/tmp-glibc/sysroots/x86_64-linux/usr'
program_transform_name='s&^&arm-oe-linux-gnueabi-&'
psdir='${docdir}'
sbindir='/jenhome/jenkins/jobs/LE910Cx_Multi_DAILY/workspace/build/apps_proc/poky/build/tmp-glibc/sysroots/x86_64-linux/usr/bin/arm-oe-linux-gnueabi'
sharedstatedir='/jenhome/jenkins/jobs/LE910Cx_Multi_DAILY/workspace/build/apps_proc/poky/build/tmp-glibc/sysroots/x86_64-linux/com'
stage1_cflags='-g'
stage1_checking='--enable-checking=release,types'
stage1_languages='c,c++,lto'
stage1_ldflags='-static-libstdc++ -static-libgcc'
stage1_libs=''
stage2_werror_flag=''
sysconfdir='/jenhome/jenkins/jobs/LE910Cx_Multi_DAILY/workspace/build/apps_proc/poky/build/tmp-glibc/sysroots/x86_64-linux/etc'
target='arm-oe-linux-gnueabi'
target_alias='arm-oe-linux-gnueabi'
target_configargs='--cache-file=./config.cache --with-cross-host=x86_64-linux   '\''--prefix=/jenhome/jenkins/jobs/LE910Cx_Multi_DAILY/workspace/build/apps_proc/poky/build/tmp-glibc/sysroots/x86_64-linux/usr'\'' '\''--exec_prefix=/jenhome/jenkins/jobs/LE910Cx_Multi_DAILY/workspace/build/apps_proc/poky/build/tmp-glibc/sysroots/x86_64-linux/usr'\'' '\''--bindir=/jenhome/jenkins/jobs/LE910Cx_Multi_DAILY/workspace/build/apps_proc/poky/build/tmp-glibc/sysroots/x86_64-linux/usr/bin/arm-oe-linux-gnueabi'\'' '\''--sbindir=/jenhome/jenkins/jobs/LE910Cx_Multi_DAILY/workspace/build/apps_proc/poky/build/tmp-glibc/sysroots/x86_64-linux/usr/bin/arm-oe-linux-gnueabi'\'' '\''--libexecdir=/jenhome/jenkins/jobs/LE910Cx_Multi_DAILY/workspace/build/apps_proc/poky/build/tmp-glibc/sysroots/x86_64-linux/usr/libexec/arm-oe-linux-gnueabi'\'' '\''--datadir=/jenhome/jenkins/jobs/LE910Cx_Multi_DAILY/workspace/build/apps_proc/poky/build/tmp-glibc/sysroots/x86_64-linux/usr/share'\'' '\''--sysconfdir=/jenhome/jenkins/jobs/LE910Cx_Multi_DAILY/workspace/build/apps_proc/poky/build/tmp-glibc/sysroots/x86_64-linux/etc'\'' '\''--sharedstatedir=/jenhome/jenkins/jobs/LE910Cx_Multi_DAILY/workspace/build/apps_proc/poky/build/tmp-glibc/sysroots/x86_64-linux/com'\'' '\''--localstatedir=/jenhome/jenkins/jobs/LE910Cx_Multi_DAILY/workspace/build/apps_proc/poky/build/tmp-glibc/sysroots/x86_64-linux/var'\'' '\''--libdir=/jenhome/jenkins/jobs/LE910Cx_Multi_DAILY/workspace/build/apps_proc/poky/build/tmp-glibc/sysroots/x86_64-linux/usr/lib/arm-oe-linux-gnueabi'\'' '\''--includedir=/jenhome/jenkins/jobs/LE910Cx_Multi_DAILY/workspace/build/apps_proc/poky/build/tmp-glibc/sysroots/x86_64-linux/usr/include'\'' '\''--oldincludedir=/jenhome/jenkins/jobs/LE910Cx_Multi_DAILY/workspace/build/apps_proc/poky/build/tmp-glibc/sysroots/x86_64-linux/usr/include'\'' '\''--infodir=/jenhome/jenkins/jobs/LE910Cx_Multi_DAILY/workspace/build/apps_proc/poky/build/tmp-glibc/sysroots/x86_64-linux/usr/share/info'\'' '\''--mandir=/jenhome/jenkins/jobs/LE910Cx_Multi_DAILY/workspace/build/apps_proc/poky/build/tmp-glibc/sysroots/x86_64-linux/usr/share/man'\'' '\''--disable-silent-rules'\'' '\''--disable-dependency-tracking'\'' '\''--with-libtool-sysroot=/jenhome/jenkins/jobs/LE910Cx_Multi_DAILY/workspace/build/apps_proc/poky/build/tmp-glibc/sysroots/x86_64-linux'\'' '\''--enable-clocale=generic'\'' '\''--with-gnu-ld'\'' '\''--enable-shared'\'' '\''--enable-threads=posix'\'' '\''--disable-multilib'\'' '\''--enable-c99'\'' '\''--enable-long-long'\'' '\''--enable-symvers=gnu'\'' '\''--enable-libstdcxx-pch'\'' '\''--without-local-prefix'\'' '\''--enable-target-optspace'\'' '\''--enable-lto'\'' '\''--enable-libssp'\'' '\''--disable-bootstrap'\'' '\''--disable-libmudflap'\'' '\''--with-linker-hash-style=gnu'\'' '\''--enable-linker-build-id'\'' '\''--with-ppl=no'\'' '\''--enable-checking=release'\'' '\''--enable-cheaders=c_global'\'' '\''--with-gxx-include-dir=/not/exist/usr/include/c++/4.9.3'\'' '\''--with-sysroot=/not/exist'\'' '\''--with-build-sysroot=/jenhome/jenkins/jobs/LE910Cx_Multi_DAILY/workspace/build/apps_proc/poky/build/tmp-glibc/sysroots/mdm9607'\'' '\''--enable-poison-system-directories'\'' '\''--with-system-zlib'\'' '\''--disable-nls'\'' '\''--with-arch=armv7-a'\'' '\''--enable-languages=c,c++,lto'\'' --program-transform-name='\''s&^&arm-oe-linux-gnueabi-&'\'' --disable-option-checking'
target_configdirs=' libgcc libgomp libatomic libitm libstdc++-v3 libsanitizer libssp libquadmath'
target_cpu='arm'
target_noncanonical='arm-oe-linux-gnueabi'
target_os='linux-gnueabi'
target_subdir='arm-oe-linux-gnueabi'
target_vendor='oe'
tooldir='${exec_prefix}/arm-oe-linux-gnueabi'

## ------------------- ##
## File substitutions. ##
## ------------------- ##

alphaieee_frag='/dev/null'
host_makefile_frag='/dev/null'
ospace_frag='/jenhome/jenkins/jobs/LE910Cx_Multi_DAILY/workspace/build/apps_proc/poky/build/tmp-glibc/work-shared/gcc-4.9.3-r0/gcc-4.9.3/config/mt-ospace'
serialization_dependencies='serdep.tmp'
target_makefile_frag='/jenhome/jenkins/jobs/LE910Cx_Multi_DAILY/workspace/build/apps_proc/poky/build/tmp-glibc/work-shared/gcc-4.9.3-r0/gcc-4.9.3/config/mt-gnu'

## ----------- ##
## confdefs.h. ##
## ----------- ##

/* confdefs.h */
#define PACKAGE_NAME ""
#define PACKAGE_TARNAME ""
#define PACKAGE_VERSION ""
#define PACKAGE_STRING ""
#define PACKAGE_BUGREPORT ""
#define PACKAGE_URL ""
#define LT_OBJDIR ".libs/"

configure: exit 0
